Archive member included to satisfy reference by file (symbol)

d:/stm32/stm32cubeide_1.9.0/stm32cubeide/plugins/com.st.stm32cube.ide.mcu.externaltools.gnu-tools-for-stm32.10.3-2021.10.win32_1.0.100.202210260954/tools/bin/../lib/gcc/arm-none-eabi/10.3.1/../../../../arm-none-eabi/lib/thumb/v7e-m+fp/hard\libstdc++.a(del_opv.o)
                              ./sparkfunBME280STM32/examples/More_Advanced/LCD_DeltaAltitude/CircularBuffer.o (operator delete[](void*))
d:/stm32/stm32cubeide_1.9.0/stm32cubeide/plugins/com.st.stm32cube.ide.mcu.externaltools.gnu-tools-for-stm32.10.3-2021.10.win32_1.0.100.202210260954/tools/bin/../lib/gcc/arm-none-eabi/10.3.1/../../../../arm-none-eabi/lib/thumb/v7e-m+fp/hard\libstdc++.a(new_opv.o)
                              ./sparkfunBME280STM32/examples/More_Advanced/LCD_DeltaAltitude/CircularBuffer.o (operator new[](unsigned int))
d:/stm32/stm32cubeide_1.9.0/stm32cubeide/plugins/com.st.stm32cube.ide.mcu.externaltools.gnu-tools-for-stm32.10.3-2021.10.win32_1.0.100.202210260954/tools/bin/../lib/gcc/arm-none-eabi/10.3.1/../../../../arm-none-eabi/lib/thumb/v7e-m+fp/hard\libstdc++.a(del_op.o)
                              d:/stm32/stm32cubeide_1.9.0/stm32cubeide/plugins/com.st.stm32cube.ide.mcu.externaltools.gnu-tools-for-stm32.10.3-2021.10.win32_1.0.100.202210260954/tools/bin/../lib/gcc/arm-none-eabi/10.3.1/../../../../arm-none-eabi/lib/thumb/v7e-m+fp/hard\libstdc++.a(del_opv.o) (operator delete(void*))
d:/stm32/stm32cubeide_1.9.0/stm32cubeide/plugins/com.st.stm32cube.ide.mcu.externaltools.gnu-tools-for-stm32.10.3-2021.10.win32_1.0.100.202210260954/tools/bin/../lib/gcc/arm-none-eabi/10.3.1/../../../../arm-none-eabi/lib/thumb/v7e-m+fp/hard\libstdc++.a(new_op.o)
                              d:/stm32/stm32cubeide_1.9.0/stm32cubeide/plugins/com.st.stm32cube.ide.mcu.externaltools.gnu-tools-for-stm32.10.3-2021.10.win32_1.0.100.202210260954/tools/bin/../lib/gcc/arm-none-eabi/10.3.1/../../../../arm-none-eabi/lib/thumb/v7e-m+fp/hard\libstdc++.a(new_opv.o) (operator new(unsigned int))
d:/stm32/stm32cubeide_1.9.0/stm32cubeide/plugins/com.st.stm32cube.ide.mcu.externaltools.gnu-tools-for-stm32.10.3-2021.10.win32_1.0.100.202210260954/tools/bin/../lib/gcc/arm-none-eabi/10.3.1/../../../../arm-none-eabi/lib/thumb/v7e-m+fp/hard\libstdc++.a(bad_alloc.o)
                              d:/stm32/stm32cubeide_1.9.0/stm32cubeide/plugins/com.st.stm32cube.ide.mcu.externaltools.gnu-tools-for-stm32.10.3-2021.10.win32_1.0.100.202210260954/tools/bin/../lib/gcc/arm-none-eabi/10.3.1/../../../../arm-none-eabi/lib/thumb/v7e-m+fp/hard\libstdc++.a(new_op.o) (std::bad_alloc::~bad_alloc())
d:/stm32/stm32cubeide_1.9.0/stm32cubeide/plugins/com.st.stm32cube.ide.mcu.externaltools.gnu-tools-for-stm32.10.3-2021.10.win32_1.0.100.202210260954/tools/bin/../lib/gcc/arm-none-eabi/10.3.1/../../../../arm-none-eabi/lib/thumb/v7e-m+fp/hard\libstdc++.a(del_ops.o)
                              d:/stm32/stm32cubeide_1.9.0/stm32cubeide/plugins/com.st.stm32cube.ide.mcu.externaltools.gnu-tools-for-stm32.10.3-2021.10.win32_1.0.100.202210260954/tools/bin/../lib/gcc/arm-none-eabi/10.3.1/../../../../arm-none-eabi/lib/thumb/v7e-m+fp/hard\libstdc++.a(bad_alloc.o) (operator delete(void*, unsigned int))
d:/stm32/stm32cubeide_1.9.0/stm32cubeide/plugins/com.st.stm32cube.ide.mcu.externaltools.gnu-tools-for-stm32.10.3-2021.10.win32_1.0.100.202210260954/tools/bin/../lib/gcc/arm-none-eabi/10.3.1/../../../../arm-none-eabi/lib/thumb/v7e-m+fp/hard\libstdc++.a(eh_alloc.o)
                              d:/stm32/stm32cubeide_1.9.0/stm32cubeide/plugins/com.st.stm32cube.ide.mcu.externaltools.gnu-tools-for-stm32.10.3-2021.10.win32_1.0.100.202210260954/tools/bin/../lib/gcc/arm-none-eabi/10.3.1/../../../../arm-none-eabi/lib/thumb/v7e-m+fp/hard\libstdc++.a(new_op.o) (__cxa_allocate_exception)
d:/stm32/stm32cubeide_1.9.0/stm32cubeide/plugins/com.st.stm32cube.ide.mcu.externaltools.gnu-tools-for-stm32.10.3-2021.10.win32_1.0.100.202210260954/tools/bin/../lib/gcc/arm-none-eabi/10.3.1/../../../../arm-none-eabi/lib/thumb/v7e-m+fp/hard\libstdc++.a(eh_exception.o)
                              d:/stm32/stm32cubeide_1.9.0/stm32cubeide/plugins/com.st.stm32cube.ide.mcu.externaltools.gnu-tools-for-stm32.10.3-2021.10.win32_1.0.100.202210260954/tools/bin/../lib/gcc/arm-none-eabi/10.3.1/../../../../arm-none-eabi/lib/thumb/v7e-m+fp/hard\libstdc++.a(bad_alloc.o) (std::exception::~exception())
d:/stm32/stm32cubeide_1.9.0/stm32cubeide/plugins/com.st.stm32cube.ide.mcu.externaltools.gnu-tools-for-stm32.10.3-2021.10.win32_1.0.100.202210260954/tools/bin/../lib/gcc/arm-none-eabi/10.3.1/../../../../arm-none-eabi/lib/thumb/v7e-m+fp/hard\libstdc++.a(eh_terminate.o)
                              d:/stm32/stm32cubeide_1.9.0/stm32cubeide/plugins/com.st.stm32cube.ide.mcu.externaltools.gnu-tools-for-stm32.10.3-2021.10.win32_1.0.100.202210260954/tools/bin/../lib/gcc/arm-none-eabi/10.3.1/../../../../arm-none-eabi/lib/thumb/v7e-m+fp/hard\libstdc++.a(eh_alloc.o) (std::terminate())
[...]
Memory Configuration

Name             Origin             Length             Attributes
CCMRAM           0x0000000010000000 0x0000000000010000 xrw
RAM              0x0000000020000000 0x0000000000020000 xrw
FLASH            0x0000000008000000 0x0000000000100000 xr
*default*        0x0000000000000000 0xffffffffffffffff

Linker script and memory map

LOAD d:/stm32/stm32cubeide_1.9.0/stm32cubeide/plugins/com.st.stm32cube.ide.mcu.externaltools.gnu-tools-for-stm32.10.3-2021.10.win32_1.0.100.202210260954/tools/bin/../lib/gcc/arm-none-eabi/10.3.1/thumb/v7e-m+fp/hard/crti.o
LOAD d:/stm32/stm32cubeide_1.9.0/stm32cubeide/plugins/com.st.stm32cube.ide.mcu.externaltools.gnu-tools-for-stm32.10.3-2021.10.win32_1.0.100.202210260954/tools/bin/../lib/gcc/arm-none-eabi/10.3.1/thumb/v7e-m+fp/hard/crtbegin.o
LOAD d:/stm32/stm32cubeide_1.9.0/stm32cubeide/plugins/com.st.stm32cube.ide.mcu.externaltools.gnu-tools-for-stm32.10.3-2021.10.win32_1.0.100.202210260954/tools/bin/../lib/gcc/arm-none-eabi/10.3.1/../../../../arm-none-eabi/lib/thumb/v7e-m+fp/hard/crt0.o
LOAD ./Core/Src/UARTCallback.o
LOAD ./Core/Src/freertos.o
LOAD ./Core/Src/main.o
LOAD ./Core/Src/momos.o
LOAD ./Core/Src/printf.o
LOAD ./Core/Src/stm32f4xx_hal_msp.o
LOAD ./Core/Src/stm32f4xx_hal_timebase_tim.o
LOAD ./Core/Src/stm32f4xx_it.o
LOAD ./Core/Src/syscalls.o
LOAD ./Core/Src/sysmem.o
LOAD ./Core/Src/system_stm32f4xx.o
LOAD ./Core/Src/temp.o
LOAD ./Core/Startup/startup_stm32f407vgtx.o
LOAD ./Drivers/STM32F4xx_HAL_Driver/Src/stm32f4xx_hal.o
LOAD ./Drivers/STM32F4xx_HAL_Driver/Src/stm32f4xx_hal_adc.o
LOAD ./Drivers/STM32F4xx_HAL_Driver/Src/stm32f4xx_hal_adc_ex.o
LOAD ./Drivers/STM32F4xx_HAL_Driver/Src/stm32f4xx_hal_cortex.o
LOAD ./Drivers/STM32F4xx_HAL_Driver/Src/stm32f4xx_hal_dma.o
LOAD ./Drivers/STM32F4xx_HAL_Driver/Src/stm32f4xx_hal_dma_ex.o
LOAD ./Drivers/STM32F4xx_HAL_Driver/Src/stm32f4xx_hal_exti.o
LOAD ./Drivers/STM32F4xx_HAL_Driver/Src/stm32f4xx_hal_flash.o
LOAD ./Drivers/STM32F4xx_HAL_Driver/Src/stm32f4xx_hal_flash_ex.o
LOAD ./Drivers/STM32F4xx_HAL_Driver/Src/stm32f4xx_hal_flash_ramfunc.o
LOAD ./Drivers/STM32F4xx_HAL_Driver/Src/stm32f4xx_hal_gpio.o
LOAD ./Drivers/STM32F4xx_HAL_Driver/Src/stm32f4xx_hal_pcd.o
LOAD ./Drivers/STM32F4xx_HAL_Driver/Src/stm32f4xx_hal_pcd_ex.o
LOAD ./Drivers/STM32F4xx_HAL_Driver/Src/stm32f4xx_hal_pwr.o
LOAD ./Drivers/STM32F4xx_HAL_Driver/Src/stm32f4xx_hal_pwr_ex.o
LOAD ./Drivers/STM32F4xx_HAL_Driver/Src/stm32f4xx_hal_rcc.o
LOAD ./Drivers/STM32F4xx_HAL_Driver/Src/stm32f4xx_hal_rcc_ex.o
LOAD ./Drivers/STM32F4xx_HAL_Driver/Src/stm32f4xx_hal_spi.o
LOAD ./Drivers/STM32F4xx_HAL_Driver/Src/stm32f4xx_hal_tim.o
LOAD ./Drivers/STM32F4xx_HAL_Driver/Src/stm32f4xx_hal_tim_ex.o
LOAD ./Drivers/STM32F4xx_HAL_Driver/Src/stm32f4xx_hal_uart.o
LOAD ./Drivers/STM32F4xx_HAL_Driver/Src/stm32f4xx_ll_adc.o
LOAD ./Drivers/STM32F4xx_HAL_Driver/Src/stm32f4xx_ll_usb.o
LOAD ./MMA_7455/MMA_7455.o
LOAD ./MODBUS-LIB/Src/Modbus.o
LOAD ./Middlewares/ST/STM32_USB_Device_Library/Class/CDC/Src/usbd_cdc.o
LOAD ./Middlewares/ST/STM32_USB_Device_Library/Core/Src/usbd_core.o
LOAD ./Middlewares/ST/STM32_USB_Device_Library/Core/Src/usbd_ctlreq.o
LOAD ./Middlewares/ST/STM32_USB_Device_Library/Core/Src/usbd_ioreq.o
LOAD ./Middlewares/Third_Party/FreeRTOS/Source/CMSIS_RTOS_V2/cmsis_os2.o
LOAD ./Middlewares/Third_Party/FreeRTOS/Source/croutine.o
LOAD ./Middlewares/Third_Party/FreeRTOS/Source/event_groups.o
LOAD ./Middlewares/Third_Party/FreeRTOS/Source/list.o
LOAD ./Middlewares/Third_Party/FreeRTOS/Source/queue.o
LOAD ./Middlewares/Third_Party/FreeRTOS/Source/stream_buffer.o
LOAD ./Middlewares/Third_Party/FreeRTOS/Source/tasks.o
LOAD ./Middlewares/Third_Party/FreeRTOS/Source/timers.o
LOAD ./Middlewares/Third_Party/FreeRTOS/Source/portable/GCC/ARM_CM4F/port.o
LOAD ./Middlewares/Third_Party/FreeRTOS/Source/portable/MemMang/heap_4.o
LOAD ./USB_DEVICE/App/usb_device.o
LOAD ./USB_DEVICE/App/usbd_cdc_if.o
LOAD ./USB_DEVICE/App/usbd_desc.o
LOAD ./USB_DEVICE/Target/usbd_conf.o
LOAD ./sparkfunBME280STM32/examples/More_Advanced/LCD_DeltaAltitude/CircularBuffer.o
LOAD ./sparkfunBME280STM32/src/SparkFunBME280.o
START GROUP
LOAD d:/stm32/stm32cubeide_1.9.0/stm32cubeide/plugins/com.st.stm32cube.ide.mcu.externaltools.gnu-tools-for-stm32.10.3-2021.10.win32_1.0.100.202210260954/tools/bin/../lib/gcc/arm-none-eabi/10.3.1/../../../../arm-none-eabi/lib/thumb/v7e-m+fp/hard\libstdc++.a
LOAD d:/stm32/stm32cubeide_1.9.0/stm32cubeide/plugins/com.st.stm32cube.ide.mcu.externaltools.gnu-tools-for-stm32.10.3-2021.10.win32_1.0.100.202210260954/tools/bin/../lib/gcc/arm-none-eabi/10.3.1/../../../../arm-none-eabi/lib/thumb/v7e-m+fp/hard\libsupc++.a
END GROUP
LOAD d:/stm32/stm32cubeide_1.9.0/stm32cubeide/plugins/com.st.stm32cube.ide.mcu.externaltools.gnu-tools-for-stm32.10.3-2021.10.win32_1.0.100.202210260954/tools/bin/../lib/gcc/arm-none-eabi/10.3.1/../../../../arm-none-eabi/lib/thumb/v7e-m+fp/hard\libstdc++.a
LOAD d:/stm32/stm32cubeide_1.9.0/stm32cubeide/plugins/com.st.stm32cube.ide.mcu.externaltools.gnu-tools-for-stm32.10.3-2021.10.win32_1.0.100.202210260954/tools/bin/../lib/gcc/arm-none-eabi/10.3.1/../../../../arm-none-eabi/lib/thumb/v7e-m+fp/hard\libm.a
LOAD d:/stm32/stm32cubeide_1.9.0/stm32cubeide/plugins/com.st.stm32cube.ide.mcu.externaltools.gnu-tools-for-stm32.10.3-2021.10.win32_1.0.100.202210260954/tools/bin/../lib/gcc/arm-none-eabi/10.3.1/../../../../arm-none-eabi/lib/thumb/v7e-m+fp/hard\libc_nano.a
START GROUP
LOAD d:/stm32/stm32cubeide_1.9.0/stm32cubeide/plugins/com.st.stm32cube.ide.mcu.externaltools.gnu-tools-for-stm32.10.3-2021.10.win32_1.0.100.202210260954/tools/bin/../lib/gcc/arm-none-eabi/10.3.1/thumb/v7e-m+fp/hard\libgcc.a
LOAD d:/stm32/stm32cubeide_1.9.0/stm32cubeide/plugins/com.st.stm32cube.ide.mcu.externaltools.gnu-tools-for-stm32.10.3-2021.10.win32_1.0.100.202210260954/tools/bin/../lib/gcc/arm-none-eabi/10.3.1/../../../../arm-none-eabi/lib/thumb/v7e-m+fp/hard\libc_nano.a
END GROUP
START GROUP
LOAD d:/stm32/stm32cubeide_1.9.0/stm32cubeide/plugins/com.st.stm32cube.ide.mcu.externaltools.gnu-tools-for-stm32.10.3-2021.10.win32_1.0.100.202210260954/tools/bin/../lib/gcc/arm-none-eabi/10.3.1/thumb/v7e-m+fp/hard\libgcc.a
LOAD d:/stm32/stm32cubeide_1.9.0/stm32cubeide/plugins/com.st.stm32cube.ide.mcu.externaltools.gnu-tools-for-stm32.10.3-2021.10.win32_1.0.100.202210260954/tools/bin/../lib/gcc/arm-none-eabi/10.3.1/../../../../arm-none-eabi/lib/thumb/v7e-m+fp/hard\libc.a
LOAD d:/stm32/stm32cubeide_1.9.0/stm32cubeide/plugins/com.st.stm32cube.ide.mcu.externaltools.gnu-tools-for-stm32.10.3-2021.10.win32_1.0.100.202210260954/tools/bin/../lib/gcc/arm-none-eabi/10.3.1/../../../../arm-none-eabi/lib/thumb/v7e-m+fp/hard\libnosys.a
END GROUP
START GROUP
LOAD d:/stm32/stm32cubeide_1.9.0/stm32cubeide/plugins/com.st.stm32cube.ide.mcu.externaltools.gnu-tools-for-stm32.10.3-2021.10.win32_1.0.100.202210260954/tools/bin/../lib/gcc/arm-none-eabi/10.3.1/thumb/v7e-m+fp/hard\libgcc.a
LOAD d:/stm32/stm32cubeide_1.9.0/stm32cubeide/plugins/com.st.stm32cube.ide.mcu.externaltools.gnu-tools-for-stm32.10.3-2021.10.win32_1.0.100.202210260954/tools/bin/../lib/gcc/arm-none-eabi/10.3.1/../../../../arm-none-eabi/lib/thumb/v7e-m+fp/hard\libc_nano.a
LOAD d:/stm32/stm32cubeide_1.9.0/stm32cubeide/plugins/com.st.stm32cube.ide.mcu.externaltools.gnu-tools-for-stm32.10.3-2021.10.win32_1.0.100.202210260954/tools/bin/../lib/gcc/arm-none-eabi/10.3.1/../../../../arm-none-eabi/lib/thumb/v7e-m+fp/hard\libnosys.a
END GROUP
LOAD d:/stm32/stm32cubeide_1.9.0/stm32cubeide/plugins/com.st.stm32cube.ide.mcu.externaltools.gnu-tools-for-stm32.10.3-2021.10.win32_1.0.100.202210260954/tools/bin/../lib/gcc/arm-none-eabi/10.3.1/thumb/v7e-m+fp/hard/crtend.o
LOAD d:/stm32/stm32cubeide_1.9.0/stm32cubeide/plugins/com.st.stm32cube.ide.mcu.externaltools.gnu-tools-for-stm32.10.3-2021.10.win32_1.0.100.202210260954/tools/bin/../lib/gcc/arm-none-eabi/10.3.1/thumb/v7e-m+fp/hard/crtn.o
                0x0000000020020000                _estack = (ORIGIN (RAM) + LENGTH (RAM))
                0x0000000000000200                _Min_Heap_Size = 0x200
                0x0000000000000400                _Min_Stack_Size = 0x400

.isr_vector     0x0000000008000000      0x188
                0x0000000008000000                . = ALIGN (0x4)
 *(.isr_vector)
 .isr_vector    0x0000000008000000      0x188 ./Core/Startup/startup_stm32f407vgtx.o
                0x0000000008000000                g_pfnVectors
                0x0000000008000188                . = ALIGN (0x4)

.text           0x0000000008000190     0xfbdc
                0x0000000008000190                . = ALIGN (0x4)
 *(.text)
 .text          0x0000000008000190       0x40 d:/stm32/stm32cubeide_1.9.0/stm32cubeide/plugins/com.st.stm32cube.ide.mcu.externaltools.gnu-tools-for-stm32.10.3-2021.10.win32_1.0.100.202210260954/tools/bin/../lib/gcc/arm-none-eabi/10.3.1/thumb/v7e-m+fp/hard/crtbegin.o
 .text          0x00000000080001d0       0x10 d:/stm32/stm32cubeide_1.9.0/stm32cubeide/plugins/com.st.stm32cube.ide.mcu.externaltools.gnu-tools-for-stm32.10.3-2021.10.win32_1.0.100.202210260954/tools/bin/../lib/gcc/arm-none-eabi/10.3.1/../../../../arm-none-eabi/lib/thumb/v7e-m+fp/hard\libc_nano.a(lib_a-strlen.o)
                0x00000000080001d0                strlen
 .text          0x00000000080001e0       0xa0 d:/stm32/stm32cubeide_1.9.0/stm32cubeide/plugins/com.st.stm32cube.ide.mcu.externaltools.gnu-tools-for-stm32.10.3-2021.10.win32_1.0.100.202210260954/tools/bin/../lib/gcc/arm-none-eabi/10.3.1/../../../../arm-none-eabi/lib/thumb/v7e-m+fp/hard\libc_nano.a(lib_a-memchr.o)
                0x00000000080001e0                memchr
 .text          0x0000000008000280      0x378 d:/stm32/stm32cubeide_1.9.0/stm32cubeide/plugins/com.st.stm32cube.ide.mcu.externaltools.gnu-tools-for-stm32.10.3-2021.10.win32_1.0.100.202210260954/tools/bin/../lib/gcc/arm-none-eabi/10.3.1/thumb/v7e-m+fp/hard\libgcc.a(_arm_addsubdf3.o)
                0x0000000008000280                __aeabi_drsub
                0x0000000008000288                __aeabi_dsub
                0x0000000008000288                __subdf3
                0x000000000800028c                __aeabi_dadd
                0x000000000800028c                __adddf3
                0x0000000008000504                __floatunsidf
                0x0000000008000504                __aeabi_ui2d
                0x0000000008000524                __floatsidf
                0x0000000008000524                __aeabi_i2d
                0x0000000008000548                __aeabi_f2d
                0x0000000008000548                __extendsfdf2
                0x000000000800058c                __floatundidf
                0x000000000800058c                __aeabi_ul2d
                0x000000000800059c                __floatdidf
                0x000000000800059c                __aeabi_l2d
 .text          0x00000000080005f8      0x424 d:/stm32/stm32cubeide_1.9.0/stm32cubeide/plugins/com.st.stm32cube.ide.mcu.externaltools.gnu-tools-for-stm32.10.3-2021.10.win32_1.0.100.202210260954/tools/bin/../lib/gcc/arm-none-eabi/10.3.1/thumb/v7e-m+fp/hard\libgcc.a(_arm_muldivdf3.o)
                0x00000000080005f8                __aeabi_dmul
                0x00000000080005f8                __muldf3
                0x000000000800084c                __divdf3
                0x000000000800084c                __aeabi_ddiv
 .text          0x0000000008000a1c      0x110 d:/stm32/stm32cubeide_1.9.0/stm32cubeide/plugins/com.st.stm32cube.ide.mcu.externaltools.gnu-tools-for-stm32.10.3-2021.10.win32_1.0.100.202210260954/tools/bin/../lib/gcc/arm-none-eabi/10.3.1/thumb/v7e-m+fp/hard\libgcc.a(_arm_cmpdf2.o)
                0x0000000008000a1c                __gtdf2
                0x0000000008000a1c                __gedf2
                0x0000000008000a24                __ltdf2
                0x0000000008000a24                __ledf2
                0x0000000008000a2c                __nedf2
                0x0000000008000a2c                __eqdf2
                0x0000000008000a2c                __cmpdf2
                0x0000000008000aa8                __aeabi_cdrcmple
                0x0000000008000ab8                __aeabi_cdcmpeq
                0x0000000008000ab8                __aeabi_cdcmple
                0x0000000008000ac8                __aeabi_dcmpeq
                0x0000000008000adc                __aeabi_dcmplt
                0x0000000008000af0                __aeabi_dcmple
                0x0000000008000b04                __aeabi_dcmpge
                0x0000000008000b18                __aeabi_dcmpgt
 .text          0x0000000008000b2c       0x2c d:/stm32/stm32cubeide_1.9.0/stm32cubeide/plugins/com.st.stm32cube.ide.mcu.externaltools.gnu-tools-for-stm32.10.3-2021.10.win32_1.0.100.202210260954/tools/bin/../lib/gcc/arm-none-eabi/10.3.1/thumb/v7e-m+fp/hard\libgcc.a(_arm_unorddf2.o)
                0x0000000008000b2c                __unorddf2
                0x0000000008000b2c                __aeabi_dcmpun
 .text          0x0000000008000b58       0x50 d:/stm32/stm32cubeide_1.9.0/stm32cubeide/plugins/com.st.stm32cube.ide.mcu.externaltools.gnu-tools-for-stm32.10.3-2021.10.win32_1.0.100.202210260954/tools/bin/../lib/gcc/arm-none-eabi/10.3.1/thumb/v7e-m+fp/hard\libgcc.a(_arm_fixdfsi.o)
                0x0000000008000b58                __aeabi_d2iz
                0x0000000008000b58                __fixdfsi
 .text          0x0000000008000ba8       0x40 d:/stm32/stm32cubeide_1.9.0/stm32cubeide/plugins/com.st.stm32cube.ide.mcu.externaltools.gnu-tools-for-stm32.10.3-2021.10.win32_1.0.100.202210260954/tools/bin/../lib/gcc/arm-none-eabi/10.3.1/thumb/v7e-m+fp/hard\libgcc.a(_arm_fixunsdfsi.o)
                0x0000000008000ba8                __aeabi_d2uiz
                0x0000000008000ba8                __fixunsdfsi
 .text          0x0000000008000be8       0xa0 d:/stm32/stm32cubeide_1.9.0/stm32cubeide/plugins/com.st.stm32cube.ide.mcu.externaltools.gnu-tools-for-stm32.10.3-2021.10.win32_1.0.100.202210260954/tools/bin/../lib/gcc/arm-none-eabi/10.3.1/thumb/v7e-m+fp/hard\libgcc.a(_arm_truncdfsf2.o)
                0x0000000008000be8                __truncdfsf2
                0x0000000008000be8                __aeabi_d2f
 .text          0x0000000008000c88       0x30 d:/stm32/stm32cubeide_1.9.0/stm32cubeide/plugins/com.st.stm32cube.ide.mcu.externaltools.gnu-tools-for-stm32.10.3-2021.10.win32_1.0.100.202210260954/tools/bin/../lib/gcc/arm-none-eabi/10.3.1/thumb/v7e-m+fp/hard\libgcc.a(_aeabi_uldivmod.o)
                0x0000000008000c88                __aeabi_uldivmod
 .text          0x0000000008000cb8       0x30 d:/stm32/stm32cubeide_1.9.0/stm32cubeide/plugins/com.st.stm32cube.ide.mcu.externaltools.gnu-tools-for-stm32.10.3-2021.10.win32_1.0.100.202210260954/tools/bin/../lib/gcc/arm-none-eabi/10.3.1/thumb/v7e-m+fp/hard\libgcc.a(_fixdfdi.o)
                0x0000000008000cb8                __fixdfdi
                0x0000000008000cb8                __aeabi_d2lz
 .text          0x0000000008000ce8       0x3c d:/stm32/stm32cubeide_1.9.0/stm32cubeide/plugins/com.st.stm32cube.ide.mcu.externaltools.gnu-tools-for-stm32.10.3-2021.10.win32_1.0.100.202210260954/tools/bin/../lib/gcc/arm-none-eabi/10.3.1/thumb/v7e-m+fp/hard\libgcc.a(_fixunsdfdi.o)
                0x0000000008000ce8                __fixunsdfdi
                0x0000000008000ce8                __aeabi_d2ulz
 .text          0x0000000008000d24      0x2d0 d:/stm32/stm32cubeide_1.9.0/stm32cubeide/plugins/com.st.stm32cube.ide.mcu.externaltools.gnu-tools-for-stm32.10.3-2021.10.win32_1.0.100.202210260954/tools/bin/../lib/gcc/arm-none-eabi/10.3.1/thumb/v7e-m+fp/hard\libgcc.a(_udivmoddi4.o)
                0x0000000008000d24                __udivmoddi4
 .text          0x0000000008000ff4        0x4 d:/stm32/stm32cubeide_1.9.0/stm32cubeide/plugins/com.st.stm32cube.ide.mcu.externaltools.gnu-tools-for-stm32.10.3-2021.10.win32_1.0.100.202210260954/tools/bin/../lib/gcc/arm-none-eabi/10.3.1/thumb/v7e-m+fp/hard\libgcc.a(_dvmd_tls.o)
                0x0000000008000ff4                __aeabi_idiv0
                0x0000000008000ff4                __aeabi_ldiv0
 *(.text*)
 .text.HAL_UART_TxCpltCallback
                0x0000000008000ff8       0x58 ./Core/Src/UARTCallback.o
                0x0000000008000ff8                HAL_UART_TxCpltCallback
 .text.HAL_UART_RxCpltCallback
                0x0000000008001050       0x88 ./Core/Src/UARTCallback.o
                0x0000000008001050                HAL_UART_RxCpltCallback
 .text.HAL_UART_ErrorCallback
                0x00000000080010d8       0x5c ./Core/Src/UARTCallback.o
                0x00000000080010d8                HAL_UART_ErrorCallback
 .text.HAL_UARTEx_RxEventCallback
                0x0000000008001134       0xa0 ./Core/Src/UARTCallback.o
                0x0000000008001134                HAL_UARTEx_RxEventCallback
 .text._write   0x00000000080011d4       0x10 ./Core/Src/main.o
                0x00000000080011d4                _write
 .text.HAL_ADC_ConvCpltCallback
                0x00000000080011e4       0x70 ./Core/Src/main.o
                0x00000000080011e4                HAL_ADC_ConvCpltCallback
 .text.HAL_TIM_PeriodElapsedCallback
                0x0000000008001254       0x14 ./Core/Src/main.o
                0x0000000008001254                HAL_TIM_PeriodElapsedCallback
 .text.Error_Handler
                0x0000000008001268       0x14 ./Core/Src/main.o
                0x0000000008001268                Error_Handler
 .text._ZL19MX_USART3_UART_Initv
                0x000000000800127c       0x34 ./Core/Src/main.o
 .text._Z10analogTaskPv
                0x00000000080012b0      0x190 ./Core/Src/main.o
                0x00000000080012b0                analogTask(void*)
 .text._Z18SystemClock_Configv
                0x0000000008001440       0xa0 ./Core/Src/main.o
                0x0000000008001440                SystemClock_Config()
 .text.startup.main
                0x00000000080014e0      0x33c ./Core/Src/main.o
                0x00000000080014e0                main
 .text.startup._GLOBAL__sub_I_hadc1
                0x000000000800181c       0x20 ./Core/Src/main.o
 .text._out_buffer
                0x000000000800183c        0x8 ./Core/Src/printf.o
 .text._out_null
                0x0000000008001844        0x2 ./Core/Src/printf.o
 *fill*         0x0000000008001846        0x2 
 .text._out_char
                0x0000000008001848        0xc ./Core/Src/printf.o
 .text._out_rev
                0x0000000008001854       0x86 ./Core/Src/printf.o
 .text._ntoa_format
                0x00000000080018da      0x10a ./Core/Src/printf.o
 .text._ntoa_long
                0x00000000080019e4       0x84 ./Core/Src/printf.o
 .text._ntoa_long_long
                0x0000000008001a68       0xb6 ./Core/Src/printf.o
 *fill*         0x0000000008001b1e        0x2 
 .text._etoa    0x0000000008001b20      0x3c4 ./Core/Src/printf.o
 *fill*         0x0000000008001ee4        0x4 
 .text._ftoa    0x0000000008001ee8      0x358 ./Core/Src/printf.o
 .text._vsnprintf
                0x0000000008002240      0x544 ./Core/Src/printf.o
 .text.printf_  0x0000000008002784       0x28 ./Core/Src/printf.o
                0x0000000008002784                printf_
 .text.sprintf_
                0x00000000080027ac       0x28 ./Core/Src/printf.o
                0x00000000080027ac                sprintf_
 .text.HAL_MspInit
                0x00000000080027d4       0x40 ./Core/Src/stm32f4xx_hal_msp.o
                0x00000000080027d4                HAL_MspInit
 .text.HAL_ADC_MspInit
                0x0000000008002814       0xdc ./Core/Src/stm32f4xx_hal_msp.o
                0x0000000008002814                HAL_ADC_MspInit
 .text.HAL_SPI_MspInit
                0x00000000080028f0       0xe0 ./Core/Src/stm32f4xx_hal_msp.o
                0x00000000080028f0                HAL_SPI_MspInit
 .text.HAL_TIM_Base_MspInit
                0x00000000080029d0       0x30 ./Core/Src/stm32f4xx_hal_msp.o
                0x00000000080029d0                HAL_TIM_Base_MspInit
 .text.HAL_UART_MspInit
                0x0000000008002a00       0xf4 ./Core/Src/stm32f4xx_hal_msp.o
                0x0000000008002a00                HAL_UART_MspInit
 .text.HAL_InitTick
                0x0000000008002af4       0xa0 ./Core/Src/stm32f4xx_hal_timebase_tim.o
                0x0000000008002af4                HAL_InitTick
 .text.NMI_Handler
                0x0000000008002b94        0x2 ./Core/Src/stm32f4xx_it.o
                0x0000000008002b94                NMI_Handler
 .text.HardFault_Handler
                0x0000000008002b96        0x2 ./Core/Src/stm32f4xx_it.o
                0x0000000008002b96                HardFault_Handler
 .text.MemManage_Handler
                0x0000000008002b98        0x2 ./Core/Src/stm32f4xx_it.o
                0x0000000008002b98                MemManage_Handler
 .text.BusFault_Handler
                0x0000000008002b9a        0x2 ./Core/Src/stm32f4xx_it.o
                0x0000000008002b9a                BusFault_Handler
 .text.UsageFault_Handler
                0x0000000008002b9c        0x2 ./Core/Src/stm32f4xx_it.o
                0x0000000008002b9c                UsageFault_Handler
 .text.DebugMon_Handler
                0x0000000008002b9e        0x2 ./Core/Src/stm32f4xx_it.o
                0x0000000008002b9e                DebugMon_Handler
 .text.DMA1_Stream1_IRQHandler
                0x0000000008002ba0        0xc ./Core/Src/stm32f4xx_it.o
                0x0000000008002ba0                DMA1_Stream1_IRQHandler
 .text.DMA1_Stream4_IRQHandler
                0x0000000008002bac        0xc ./Core/Src/stm32f4xx_it.o
                0x0000000008002bac                DMA1_Stream4_IRQHandler
 .text.ADC_IRQHandler
                0x0000000008002bb8        0xc ./Core/Src/stm32f4xx_it.o
                0x0000000008002bb8                ADC_IRQHandler
 .text.USART3_IRQHandler
                0x0000000008002bc4        0xc ./Core/Src/stm32f4xx_it.o
                0x0000000008002bc4                USART3_IRQHandler
 .text.TIM6_DAC_IRQHandler
                0x0000000008002bd0        0xc ./Core/Src/stm32f4xx_it.o
                0x0000000008002bd0                TIM6_DAC_IRQHandler
 .text.DMA2_Stream0_IRQHandler
                0x0000000008002bdc        0xc ./Core/Src/stm32f4xx_it.o
                0x0000000008002bdc                DMA2_Stream0_IRQHandler
 .text.DMA2_Stream2_IRQHandler
                0x0000000008002be8        0xc ./Core/Src/stm32f4xx_it.o
                0x0000000008002be8                DMA2_Stream2_IRQHandler
 .text.DMA2_Stream3_IRQHandler
                0x0000000008002bf4        0xc ./Core/Src/stm32f4xx_it.o
                0x0000000008002bf4                DMA2_Stream3_IRQHandler
 .text.OTG_FS_IRQHandler
                0x0000000008002c00        0xc ./Core/Src/stm32f4xx_it.o
                0x0000000008002c00                OTG_FS_IRQHandler
 .text._getpid  0x0000000008002c0c        0x4 ./Core/Src/syscalls.o
                0x0000000008002c0c                _getpid
 .text._kill    0x0000000008002c10       0x10 ./Core/Src/syscalls.o
                0x0000000008002c10                _kill
 .text._exit    0x0000000008002c20        0xc ./Core/Src/syscalls.o
                0x0000000008002c20                _exit
 .text._read    0x0000000008002c2c       0x1c ./Core/Src/syscalls.o
                0x0000000008002c2c                _read
 .text._close   0x0000000008002c48        0x6 ./Core/Src/syscalls.o
                0x0000000008002c48                _close
 .text._fstat   0x0000000008002c4e        0xa ./Core/Src/syscalls.o
                0x0000000008002c4e                _fstat
 .text._isatty  0x0000000008002c58        0x4 ./Core/Src/syscalls.o
                0x0000000008002c58                _isatty
 .text._lseek   0x0000000008002c5c        0x4 ./Core/Src/syscalls.o
                0x0000000008002c5c                _lseek
 .text._sbrk    0x0000000008002c60       0x40 ./Core/Src/sysmem.o
                0x0000000008002c60                _sbrk
 .text.SystemInit
                0x0000000008002ca0       0x14 ./Core/Src/system_stm32f4xx.o
                0x0000000008002ca0                SystemInit
 .text.Reset_Handler
                0x0000000008002cb4       0x50 ./Core/Startup/startup_stm32f407vgtx.o
                0x0000000008002cb4                Reset_Handler
 .text.Default_Handler
                0x0000000008002d04        0x2 ./Core/Startup/startup_stm32f407vgtx.o
                0x0000000008002d04                RTC_Alarm_IRQHandler
                0x0000000008002d04                HASH_RNG_IRQHandler
                0x0000000008002d04                EXTI2_IRQHandler
                0x0000000008002d04                TIM8_CC_IRQHandler
                0x0000000008002d04                TIM1_CC_IRQHandler
                0x0000000008002d04                DMA2_Stream5_IRQHandler
                0x0000000008002d04                DMA1_Stream5_IRQHandler
                0x0000000008002d04                PVD_IRQHandler
                0x0000000008002d04                SDIO_IRQHandler
                0x0000000008002d04                TAMP_STAMP_IRQHandler
                0x0000000008002d04                CAN2_RX1_IRQHandler
                0x0000000008002d04                EXTI3_IRQHandler
                0x0000000008002d04                TIM8_TRG_COM_TIM14_IRQHandler
                0x0000000008002d04                TIM1_UP_TIM10_IRQHandler
                0x0000000008002d04                TIM8_UP_TIM13_IRQHandler
                0x0000000008002d04                I2C3_ER_IRQHandler
                0x0000000008002d04                EXTI0_IRQHandler
                0x0000000008002d04                I2C2_EV_IRQHandler
                0x0000000008002d04                DMA1_Stream2_IRQHandler
                0x0000000008002d04                CAN1_RX0_IRQHandler
                0x0000000008002d04                FPU_IRQHandler
                0x0000000008002d04                OTG_HS_WKUP_IRQHandler
                0x0000000008002d04                CAN2_SCE_IRQHandler
                0x0000000008002d04                SPI1_IRQHandler
                0x0000000008002d04                TIM1_BRK_TIM9_IRQHandler
                0x0000000008002d04                DCMI_IRQHandler
                0x0000000008002d04                CAN2_RX0_IRQHandler
                0x0000000008002d04                USART6_IRQHandler
                0x0000000008002d04                CAN1_RX1_IRQHandler
                0x0000000008002d04                UART5_IRQHandler
                0x0000000008002d04                TIM4_IRQHandler
                0x0000000008002d04                I2C1_EV_IRQHandler
                0x0000000008002d04                DMA1_Stream6_IRQHandler
                0x0000000008002d04                UART4_IRQHandler
                0x0000000008002d04                TIM3_IRQHandler
                0x0000000008002d04                RCC_IRQHandler
                0x0000000008002d04                TIM8_BRK_TIM12_IRQHandler
                0x0000000008002d04                Default_Handler
                0x0000000008002d04                EXTI15_10_IRQHandler
                0x0000000008002d04                DMA1_Stream7_IRQHandler
                0x0000000008002d04                TIM7_IRQHandler
                0x0000000008002d04                CAN2_TX_IRQHandler
                0x0000000008002d04                TIM5_IRQHandler
                0x0000000008002d04                DMA2_Stream7_IRQHandler
                0x0000000008002d04                I2C3_EV_IRQHandler
                0x0000000008002d04                EXTI9_5_IRQHandler
                0x0000000008002d04                RTC_WKUP_IRQHandler
                0x0000000008002d04                ETH_WKUP_IRQHandler
                0x0000000008002d04                SPI2_IRQHandler
                0x0000000008002d04                OTG_HS_EP1_IN_IRQHandler
                0x0000000008002d04                DMA1_Stream0_IRQHandler
                0x0000000008002d04                CAN1_TX_IRQHandler
                0x0000000008002d04                EXTI4_IRQHandler
                0x0000000008002d04                FSMC_IRQHandler
                0x0000000008002d04                ETH_IRQHandler
                0x0000000008002d04                OTG_HS_EP1_OUT_IRQHandler
                0x0000000008002d04                WWDG_IRQHandler
                0x0000000008002d04                TIM2_IRQHandler
                0x0000000008002d04                OTG_FS_WKUP_IRQHandler
                0x0000000008002d04                TIM1_TRG_COM_TIM11_IRQHandler
                0x0000000008002d04                OTG_HS_IRQHandler
                0x0000000008002d04                EXTI1_IRQHandler
                0x0000000008002d04                USART2_IRQHandler
                0x0000000008002d04                I2C2_ER_IRQHandler
                0x0000000008002d04                DMA2_Stream1_IRQHandler
                0x0000000008002d04                CAN1_SCE_IRQHandler
                0x0000000008002d04                FLASH_IRQHandler
                0x0000000008002d04                DMA2_Stream4_IRQHandler
                0x0000000008002d04                USART1_IRQHandler
                0x0000000008002d04                SPI3_IRQHandler
                0x0000000008002d04                I2C1_ER_IRQHandler
                0x0000000008002d04                DMA2_Stream6_IRQHandler
                0x0000000008002d04                DMA1_Stream3_IRQHandler
 *fill*         0x0000000008002d06        0x2 
 .text.HAL_Init
                0x0000000008002d08       0x34 ./Drivers/STM32F4xx_HAL_Driver/Src/stm32f4xx_hal.o
                0x0000000008002d08                HAL_Init
 .text.HAL_IncTick
                0x0000000008002d3c       0x18 ./Drivers/STM32F4xx_HAL_Driver/Src/stm32f4xx_hal.o
                0x0000000008002d3c                HAL_IncTick
 .text.HAL_GetTick
                0x0000000008002d54        0xc ./Drivers/STM32F4xx_HAL_Driver/Src/stm32f4xx_hal.o
                0x0000000008002d54                HAL_GetTick
 .text.HAL_Delay
                0x0000000008002d60       0x28 ./Drivers/STM32F4xx_HAL_Driver/Src/stm32f4xx_hal.o
                0x0000000008002d60                HAL_Delay
 .text.HAL_ADC_Init
                0x0000000008002d88      0x14c ./Drivers/STM32F4xx_HAL_Driver/Src/stm32f4xx_hal_adc.o
                0x0000000008002d88                HAL_ADC_Init
 .text.HAL_ADC_Start_DMA
                0x0000000008002ed4      0x154 ./Drivers/STM32F4xx_HAL_Driver/Src/stm32f4xx_hal_adc.o
                0x0000000008002ed4                HAL_ADC_Start_DMA
 .text.HAL_ADC_ConvHalfCpltCallback
                0x0000000008003028        0x2 ./Drivers/STM32F4xx_HAL_Driver/Src/stm32f4xx_hal_adc.o
                0x0000000008003028                HAL_ADC_ConvHalfCpltCallback
 .text.ADC_DMAHalfConvCplt
                0x000000000800302a        0xa ./Drivers/STM32F4xx_HAL_Driver/Src/stm32f4xx_hal_adc.o
 .text.HAL_ADC_LevelOutOfWindowCallback
                0x0000000008003034        0x2 ./Drivers/STM32F4xx_HAL_Driver/Src/stm32f4xx_hal_adc.o
                0x0000000008003034                HAL_ADC_LevelOutOfWindowCallback
 .text.HAL_ADC_ErrorCallback
                0x0000000008003036        0x2 ./Drivers/STM32F4xx_HAL_Driver/Src/stm32f4xx_hal_adc.o
                0x0000000008003036                HAL_ADC_ErrorCallback
 .text.HAL_ADC_IRQHandler
                0x0000000008003038      0x11c ./Drivers/STM32F4xx_HAL_Driver/Src/stm32f4xx_hal_adc.o
                0x0000000008003038                HAL_ADC_IRQHandler
 .text.ADC_DMAError
                0x0000000008003154       0x16 ./Drivers/STM32F4xx_HAL_Driver/Src/stm32f4xx_hal_adc.o
 .text.ADC_DMAConvCplt
                0x000000000800316a       0x6c ./Drivers/STM32F4xx_HAL_Driver/Src/stm32f4xx_hal_adc.o
 *fill*         0x00000000080031d6        0x2 
 .text.HAL_ADC_ConfigChannel
                0x00000000080031d8      0x124 ./Drivers/STM32F4xx_HAL_Driver/Src/stm32f4xx_hal_adc.o
                0x00000000080031d8                HAL_ADC_ConfigChannel
 .text.HAL_ADCEx_InjectedConvCpltCallback
                0x00000000080032fc        0x2 ./Drivers/STM32F4xx_HAL_Driver/Src/stm32f4xx_hal_adc_ex.o
                0x00000000080032fc                HAL_ADCEx_InjectedConvCpltCallback
 *fill*         0x00000000080032fe        0x2 
 .text.HAL_NVIC_SetPriorityGrouping
                0x0000000008003300       0x24 ./Drivers/STM32F4xx_HAL_Driver/Src/stm32f4xx_hal_cortex.o
                0x0000000008003300                HAL_NVIC_SetPriorityGrouping
 .text.HAL_NVIC_SetPriority
                0x0000000008003324       0x64 ./Drivers/STM32F4xx_HAL_Driver/Src/stm32f4xx_hal_cortex.o
                0x0000000008003324                HAL_NVIC_SetPriority
 .text.HAL_NVIC_EnableIRQ
                0x0000000008003388       0x1c ./Drivers/STM32F4xx_HAL_Driver/Src/stm32f4xx_hal_cortex.o
                0x0000000008003388                HAL_NVIC_EnableIRQ
 .text.DMA_CalcBaseAndBitshift
                0x00000000080033a4       0x2c ./Drivers/STM32F4xx_HAL_Driver/Src/stm32f4xx_hal_dma.o
 .text.HAL_DMA_Init
                0x00000000080033d0      0x100 ./Drivers/STM32F4xx_HAL_Driver/Src/stm32f4xx_hal_dma.o
                0x00000000080033d0                HAL_DMA_Init
 .text.HAL_DMA_Start_IT
                0x00000000080034d0       0x74 ./Drivers/STM32F4xx_HAL_Driver/Src/stm32f4xx_hal_dma.o
                0x00000000080034d0                HAL_DMA_Start_IT
 .text.HAL_DMA_Abort
                0x0000000008003544       0x88 ./Drivers/STM32F4xx_HAL_Driver/Src/stm32f4xx_hal_dma.o
                0x0000000008003544                HAL_DMA_Abort
 .text.HAL_DMA_Abort_IT
                0x00000000080035cc       0x24 ./Drivers/STM32F4xx_HAL_Driver/Src/stm32f4xx_hal_dma.o
                0x00000000080035cc                HAL_DMA_Abort_IT
 .text.HAL_DMA_IRQHandler
                0x00000000080035f0      0x17c ./Drivers/STM32F4xx_HAL_Driver/Src/stm32f4xx_hal_dma.o
                0x00000000080035f0                HAL_DMA_IRQHandler
 .text.HAL_GPIO_Init
                0x000000000800376c      0x1b4 ./Drivers/STM32F4xx_HAL_Driver/Src/stm32f4xx_hal_gpio.o
                0x000000000800376c                HAL_GPIO_Init
 .text.HAL_GPIO_WritePin
                0x0000000008003920        0xa ./Drivers/STM32F4xx_HAL_Driver/Src/stm32f4xx_hal_gpio.o
                0x0000000008003920                HAL_GPIO_WritePin
 .text.HAL_GPIO_TogglePin
                0x000000000800392a       0x12 ./Drivers/STM32F4xx_HAL_Driver/Src/stm32f4xx_hal_gpio.o
                0x000000000800392a                HAL_GPIO_TogglePin
 .text.HAL_PCD_Init
                0x000000000800393c      0x10a ./Drivers/STM32F4xx_HAL_Driver/Src/stm32f4xx_hal_pcd.o
                0x000000000800393c                HAL_PCD_Init
 .text.HAL_PCD_Start
                0x0000000008003a46       0x3e ./Drivers/STM32F4xx_HAL_Driver/Src/stm32f4xx_hal_pcd.o
                0x0000000008003a46                HAL_PCD_Start
 .text.HAL_PCD_SetAddress
                0x0000000008003a84       0x28 ./Drivers/STM32F4xx_HAL_Driver/Src/stm32f4xx_hal_pcd.o
                0x0000000008003a84                HAL_PCD_SetAddress
 .text.HAL_PCD_EP_Open
                0x0000000008003aac       0x70 ./Drivers/STM32F4xx_HAL_Driver/Src/stm32f4xx_hal_pcd.o
                0x0000000008003aac                HAL_PCD_EP_Open
 .text.HAL_PCD_EP_Close
                0x0000000008003b1c       0x5e ./Drivers/STM32F4xx_HAL_Driver/Src/stm32f4xx_hal_pcd.o
                0x0000000008003b1c                HAL_PCD_EP_Close
 .text.HAL_PCD_EP_Receive
                0x0000000008003b7a       0x48 ./Drivers/STM32F4xx_HAL_Driver/Src/stm32f4xx_hal_pcd.o
                0x0000000008003b7a                HAL_PCD_EP_Receive
 .text.HAL_PCD_EP_GetRxCount
                0x0000000008003bc2       0x10 ./Drivers/STM32F4xx_HAL_Driver/Src/stm32f4xx_hal_pcd.o
                0x0000000008003bc2                HAL_PCD_EP_GetRxCount
 .text.HAL_PCD_EP_Transmit
                0x0000000008003bd2       0x40 ./Drivers/STM32F4xx_HAL_Driver/Src/stm32f4xx_hal_pcd.o
                0x0000000008003bd2                HAL_PCD_EP_Transmit
 .text.HAL_PCD_EP_SetStall
                0x0000000008003c12       0x70 ./Drivers/STM32F4xx_HAL_Driver/Src/stm32f4xx_hal_pcd.o
                0x0000000008003c12                HAL_PCD_EP_SetStall
 .text.HAL_PCD_EP_ClrStall
                0x0000000008003c82       0x6c ./Drivers/STM32F4xx_HAL_Driver/Src/stm32f4xx_hal_pcd.o
                0x0000000008003c82                HAL_PCD_EP_ClrStall
 .text.HAL_PCD_EP_Abort
                0x0000000008003cee       0x20 ./Drivers/STM32F4xx_HAL_Driver/Src/stm32f4xx_hal_pcd.o
                0x0000000008003cee                HAL_PCD_EP_Abort
 *fill*         0x0000000008003d0e        0x2 
 .text.HAL_PCD_IRQHandler
                0x0000000008003d10      0x68c ./Drivers/STM32F4xx_HAL_Driver/Src/stm32f4xx_hal_pcd.o
                0x0000000008003d10                HAL_PCD_IRQHandler
 .text.HAL_PCDEx_SetTxFiFo
                0x000000000800439c       0x40 ./Drivers/STM32F4xx_HAL_Driver/Src/stm32f4xx_hal_pcd_ex.o
                0x000000000800439c                HAL_PCDEx_SetTxFiFo
 .text.HAL_PCDEx_SetRxFiFo
                0x00000000080043dc        0x8 ./Drivers/STM32F4xx_HAL_Driver/Src/stm32f4xx_hal_pcd_ex.o
                0x00000000080043dc                HAL_PCDEx_SetRxFiFo
 .text.HAL_PCDEx_LPM_Callback
                0x00000000080043e4        0x2 ./Drivers/STM32F4xx_HAL_Driver/Src/stm32f4xx_hal_pcd_ex.o
                0x00000000080043e4                HAL_PCDEx_LPM_Callback
 *fill*         0x00000000080043e6        0x2 
 .text.HAL_RCC_OscConfig
                0x00000000080043e8      0x360 ./Drivers/STM32F4xx_HAL_Driver/Src/stm32f4xx_hal_rcc.o
                0x00000000080043e8                HAL_RCC_OscConfig
 .text.HAL_RCC_GetSysClockFreq
                0x0000000008004748       0x5c ./Drivers/STM32F4xx_HAL_Driver/Src/stm32f4xx_hal_rcc.o
                0x0000000008004748                HAL_RCC_GetSysClockFreq
 .text.HAL_RCC_ClockConfig
                0x00000000080047a4      0x138 ./Drivers/STM32F4xx_HAL_Driver/Src/stm32f4xx_hal_rcc.o
                0x00000000080047a4                HAL_RCC_ClockConfig
 .text.HAL_RCC_GetHCLKFreq
                0x00000000080048dc        0xc ./Drivers/STM32F4xx_HAL_Driver/Src/stm32f4xx_hal_rcc.o
                0x00000000080048dc                HAL_RCC_GetHCLKFreq
 .text.HAL_RCC_GetPCLK1Freq
                0x00000000080048e8       0x20 ./Drivers/STM32F4xx_HAL_Driver/Src/stm32f4xx_hal_rcc.o
                0x00000000080048e8                HAL_RCC_GetPCLK1Freq
 .text.HAL_RCC_GetPCLK2Freq
                0x0000000008004908       0x20 ./Drivers/STM32F4xx_HAL_Driver/Src/stm32f4xx_hal_rcc.o
                0x0000000008004908                HAL_RCC_GetPCLK2Freq
 .text.HAL_RCC_GetClockConfig
                0x0000000008004928       0x3c ./Drivers/STM32F4xx_HAL_Driver/Src/stm32f4xx_hal_rcc.o
                0x0000000008004928                HAL_RCC_GetClockConfig
 .text.SPI_WaitFlagStateUntilTimeout.constprop.0
                0x0000000008004964       0xa8 ./Drivers/STM32F4xx_HAL_Driver/Src/stm32f4xx_hal_spi.o
 .text.SPI_EndRxTransaction
                0x0000000008004a0c       0x54 ./Drivers/STM32F4xx_HAL_Driver/Src/stm32f4xx_hal_spi.o
 .text.SPI_EndRxTxTransaction
                0x0000000008004a60       0x58 ./Drivers/STM32F4xx_HAL_Driver/Src/stm32f4xx_hal_spi.o
 .text.HAL_SPI_Init
                0x0000000008004ab8       0xb8 ./Drivers/STM32F4xx_HAL_Driver/Src/stm32f4xx_hal_spi.o
                0x0000000008004ab8                HAL_SPI_Init
 .text.HAL_SPI_Transmit
                0x0000000008004b70      0x15c ./Drivers/STM32F4xx_HAL_Driver/Src/stm32f4xx_hal_spi.o
                0x0000000008004b70                HAL_SPI_Transmit
 .text.HAL_SPI_TransmitReceive
                0x0000000008004ccc      0x1e8 ./Drivers/STM32F4xx_HAL_Driver/Src/stm32f4xx_hal_spi.o
                0x0000000008004ccc                HAL_SPI_TransmitReceive
 .text.HAL_SPI_Receive
                0x0000000008004eb4      0x148 ./Drivers/STM32F4xx_HAL_Driver/Src/stm32f4xx_hal_spi.o
                0x0000000008004eb4                HAL_SPI_Receive
 .text.HAL_TIM_Base_Start
                0x0000000008004ffc       0x6c ./Drivers/STM32F4xx_HAL_Driver/Src/stm32f4xx_hal_tim.o
                0x0000000008004ffc                HAL_TIM_Base_Start
 .text.HAL_TIM_Base_Start_IT
                0x0000000008005068       0x74 ./Drivers/STM32F4xx_HAL_Driver/Src/stm32f4xx_hal_tim.o
                0x0000000008005068                HAL_TIM_Base_Start_IT
 .text.HAL_TIM_OC_DelayElapsedCallback
                0x00000000080050dc        0x2 ./Drivers/STM32F4xx_HAL_Driver/Src/stm32f4xx_hal_tim.o
                0x00000000080050dc                HAL_TIM_OC_DelayElapsedCallback
 .text.HAL_TIM_IC_CaptureCallback
                0x00000000080050de        0x2 ./Drivers/STM32F4xx_HAL_Driver/Src/stm32f4xx_hal_tim.o
                0x00000000080050de                HAL_TIM_IC_CaptureCallback
 .text.HAL_TIM_PWM_PulseFinishedCallback
                0x00000000080050e0        0x2 ./Drivers/STM32F4xx_HAL_Driver/Src/stm32f4xx_hal_tim.o
                0x00000000080050e0                HAL_TIM_PWM_PulseFinishedCallback
 .text.HAL_TIM_TriggerCallback
                0x00000000080050e2        0x2 ./Drivers/STM32F4xx_HAL_Driver/Src/stm32f4xx_hal_tim.o
                0x00000000080050e2                HAL_TIM_TriggerCallback
 .text.HAL_TIM_IRQHandler
                0x00000000080050e4      0x144 ./Drivers/STM32F4xx_HAL_Driver/Src/stm32f4xx_hal_tim.o
                0x00000000080050e4                HAL_TIM_IRQHandler
 .text.TIM_Base_SetConfig
                0x0000000008005228       0xcc ./Drivers/STM32F4xx_HAL_Driver/Src/stm32f4xx_hal_tim.o
                0x0000000008005228                TIM_Base_SetConfig
 .text.HAL_TIM_Base_Init
                0x00000000080052f4       0x58 ./Drivers/STM32F4xx_HAL_Driver/Src/stm32f4xx_hal_tim.o
                0x00000000080052f4                HAL_TIM_Base_Init
 .text.TIM_ETR_SetConfig
                0x000000000800534c       0x14 ./Drivers/STM32F4xx_HAL_Driver/Src/stm32f4xx_hal_tim.o
                0x000000000800534c                TIM_ETR_SetConfig
 .text.HAL_TIM_ConfigClockSource
                0x0000000008005360      0x138 ./Drivers/STM32F4xx_HAL_Driver/Src/stm32f4xx_hal_tim.o
                0x0000000008005360                HAL_TIM_ConfigClockSource
 .text.HAL_TIMEx_MasterConfigSynchronization
                0x0000000008005498       0x7c ./Drivers/STM32F4xx_HAL_Driver/Src/stm32f4xx_hal_tim_ex.o
                0x0000000008005498                HAL_TIMEx_MasterConfigSynchronization
 .text.HAL_TIMEx_CommutCallback
                0x0000000008005514        0x2 ./Drivers/STM32F4xx_HAL_Driver/Src/stm32f4xx_hal_tim_ex.o
                0x0000000008005514                HAL_TIMEx_CommutCallback
 .text.HAL_TIMEx_BreakCallback
                0x0000000008005516        0x2 ./Drivers/STM32F4xx_HAL_Driver/Src/stm32f4xx_hal_tim_ex.o
                0x0000000008005516                HAL_TIMEx_BreakCallback
 .text.UART_EndRxTransfer
                0x0000000008005518       0x5c ./Drivers/STM32F4xx_HAL_Driver/Src/stm32f4xx_hal_uart.o
 .text.UART_SetConfig
                0x0000000008005574       0xbc ./Drivers/STM32F4xx_HAL_Driver/Src/stm32f4xx_hal_uart.o
 .text.HAL_UART_Init
                0x0000000008005630       0x5c ./Drivers/STM32F4xx_HAL_Driver/Src/stm32f4xx_hal_uart.o
                0x0000000008005630                HAL_UART_Init
 .text.HAL_UART_Transmit_IT
                0x000000000800568c       0x3e ./Drivers/STM32F4xx_HAL_Driver/Src/stm32f4xx_hal_uart.o
                0x000000000800568c                HAL_UART_Transmit_IT
 *fill*         0x00000000080056ca        0x2 
 .text.HAL_UART_Transmit_DMA
                0x00000000080056cc       0x84 ./Drivers/STM32F4xx_HAL_Driver/Src/stm32f4xx_hal_uart.o
                0x00000000080056cc                HAL_UART_Transmit_DMA
 .text.HAL_UART_DMAStop
                0x0000000008005750       0x8c ./Drivers/STM32F4xx_HAL_Driver/Src/stm32f4xx_hal_uart.o
                0x0000000008005750                HAL_UART_DMAStop
 .text.UART_DMATransmitCplt
                0x00000000080057dc       0x4c ./Drivers/STM32F4xx_HAL_Driver/Src/stm32f4xx_hal_uart.o
 .text.HAL_UART_TxHalfCpltCallback
                0x0000000008005828        0x2 ./Drivers/STM32F4xx_HAL_Driver/Src/stm32f4xx_hal_uart.o
                0x0000000008005828                HAL_UART_TxHalfCpltCallback
 .text.UART_DMATxHalfCplt
                0x000000000800582a        0xa ./Drivers/STM32F4xx_HAL_Driver/Src/stm32f4xx_hal_uart.o
 .text.HAL_UART_RxHalfCpltCallback
                0x0000000008005834        0x2 ./Drivers/STM32F4xx_HAL_Driver/Src/stm32f4xx_hal_uart.o
                0x0000000008005834                HAL_UART_RxHalfCpltCallback
 .text.UART_DMAError
                0x0000000008005836       0x5a ./Drivers/STM32F4xx_HAL_Driver/Src/stm32f4xx_hal_uart.o
 .text.UART_DMAAbortOnError
                0x0000000008005890       0x10 ./Drivers/STM32F4xx_HAL_Driver/Src/stm32f4xx_hal_uart.o
 .text.HAL_UART_AbortReceiveCpltCallback
                0x00000000080058a0        0x2 ./Drivers/STM32F4xx_HAL_Driver/Src/stm32f4xx_hal_uart.o
                0x00000000080058a0                HAL_UART_AbortReceiveCpltCallback
 *fill*         0x00000000080058a2        0x2 
 .text.HAL_UART_AbortReceive_IT
                0x00000000080058a4       0xb0 ./Drivers/STM32F4xx_HAL_Driver/Src/stm32f4xx_hal_uart.o
                0x00000000080058a4                HAL_UART_AbortReceive_IT
 .text.UART_DMARxOnlyAbortCallback
                0x0000000008005954       0x16 ./Drivers/STM32F4xx_HAL_Driver/Src/stm32f4xx_hal_uart.o
 .text.UART_DMARxHalfCplt
                0x000000000800596a       0x1a ./Drivers/STM32F4xx_HAL_Driver/Src/stm32f4xx_hal_uart.o
 .text.UART_DMAReceiveCplt
                0x0000000008005984       0x94 ./Drivers/STM32F4xx_HAL_Driver/Src/stm32f4xx_hal_uart.o
 .text.UART_Receive_IT.part.0.isra.0
                0x0000000008005a18       0xac ./Drivers/STM32F4xx_HAL_Driver/Src/stm32f4xx_hal_uart.o
 .text.HAL_UART_IRQHandler
                0x0000000008005ac4      0x2a0 ./Drivers/STM32F4xx_HAL_Driver/Src/stm32f4xx_hal_uart.o
                0x0000000008005ac4                HAL_UART_IRQHandler
 .text.HAL_HalfDuplex_EnableTransmitter
                0x0000000008005d64       0x30 ./Drivers/STM32F4xx_HAL_Driver/Src/stm32f4xx_hal_uart.o
                0x0000000008005d64                HAL_HalfDuplex_EnableTransmitter
 .text.HAL_HalfDuplex_EnableReceiver
                0x0000000008005d94       0x30 ./Drivers/STM32F4xx_HAL_Driver/Src/stm32f4xx_hal_uart.o
                0x0000000008005d94                HAL_HalfDuplex_EnableReceiver
 .text.HAL_UART_GetState
                0x0000000008005dc4        0xc ./Drivers/STM32F4xx_HAL_Driver/Src/stm32f4xx_hal_uart.o
                0x0000000008005dc4                HAL_UART_GetState
 .text.UART_Start_Receive_IT
                0x0000000008005dd0       0x36 ./Drivers/STM32F4xx_HAL_Driver/Src/stm32f4xx_hal_uart.o
                0x0000000008005dd0                UART_Start_Receive_IT
 .text.HAL_UART_Receive_IT
                0x0000000008005e06       0x30 ./Drivers/STM32F4xx_HAL_Driver/Src/stm32f4xx_hal_uart.o
                0x0000000008005e06                HAL_UART_Receive_IT
 *fill*         0x0000000008005e36        0x2 
 .text.UART_Start_Receive_DMA
                0x0000000008005e38       0x9c ./Drivers/STM32F4xx_HAL_Driver/Src/stm32f4xx_hal_uart.o
                0x0000000008005e38                UART_Start_Receive_DMA
 .text.HAL_UARTEx_ReceiveToIdle_DMA
                0x0000000008005ed4       0x62 ./Drivers/STM32F4xx_HAL_Driver/Src/stm32f4xx_hal_uart.o
                0x0000000008005ed4                HAL_UARTEx_ReceiveToIdle_DMA
 *fill*         0x0000000008005f36        0x2 
 .text.USB_CoreReset
                0x0000000008005f38       0x4c ./Drivers/STM32F4xx_HAL_Driver/Src/stm32f4xx_ll_usb.o
 .text.USB_CoreInit
                0x0000000008005f84       0x80 ./Drivers/STM32F4xx_HAL_Driver/Src/stm32f4xx_ll_usb.o
                0x0000000008005f84                USB_CoreInit
 .text.USB_SetTurnaroundTime
                0x0000000008006004       0xe0 ./Drivers/STM32F4xx_HAL_Driver/Src/stm32f4xx_ll_usb.o
                0x0000000008006004                USB_SetTurnaroundTime
 .text.USB_EnableGlobalInt
                0x00000000080060e4        0xc ./Drivers/STM32F4xx_HAL_Driver/Src/stm32f4xx_ll_usb.o
                0x00000000080060e4                USB_EnableGlobalInt
 .text.USB_DisableGlobalInt
                0x00000000080060f0        0xc ./Drivers/STM32F4xx_HAL_Driver/Src/stm32f4xx_ll_usb.o
                0x00000000080060f0                USB_DisableGlobalInt
 .text.USB_SetCurrentMode
                0x00000000080060fc       0x60 ./Drivers/STM32F4xx_HAL_Driver/Src/stm32f4xx_ll_usb.o
                0x00000000080060fc                USB_SetCurrentMode
 .text.USB_FlushTxFifo
                0x000000000800615c       0x4c ./Drivers/STM32F4xx_HAL_Driver/Src/stm32f4xx_ll_usb.o
                0x000000000800615c                USB_FlushTxFifo
 .text.USB_FlushRxFifo
                0x00000000080061a8       0x48 ./Drivers/STM32F4xx_HAL_Driver/Src/stm32f4xx_ll_usb.o
                0x00000000080061a8                USB_FlushRxFifo
 .text.USB_SetDevSpeed
                0x00000000080061f0        0xe ./Drivers/STM32F4xx_HAL_Driver/Src/stm32f4xx_ll_usb.o
                0x00000000080061f0                USB_SetDevSpeed
 *fill*         0x00000000080061fe        0x2 
 .text.USB_DevInit
                0x0000000008006200      0x170 ./Drivers/STM32F4xx_HAL_Driver/Src/stm32f4xx_ll_usb.o
                0x0000000008006200                USB_DevInit
 .text.USB_GetDevSpeed
                0x0000000008006370       0x16 ./Drivers/STM32F4xx_HAL_Driver/Src/stm32f4xx_ll_usb.o
                0x0000000008006370                USB_GetDevSpeed
 .text.USB_ActivateEndpoint
                0x0000000008006386       0x7c ./Drivers/STM32F4xx_HAL_Driver/Src/stm32f4xx_ll_usb.o
                0x0000000008006386                USB_ActivateEndpoint
 *fill*         0x0000000008006402        0x2 
 .text.USB_DeactivateEndpoint
                0x0000000008006404       0xac ./Drivers/STM32F4xx_HAL_Driver/Src/stm32f4xx_ll_usb.o
                0x0000000008006404                USB_DeactivateEndpoint
 .text.USB_EP0StartXfer
                0x00000000080064b0       0xf8 ./Drivers/STM32F4xx_HAL_Driver/Src/stm32f4xx_ll_usb.o
                0x00000000080064b0                USB_EP0StartXfer
 .text.USB_EPStopXfer
                0x00000000080065a8       0x84 ./Drivers/STM32F4xx_HAL_Driver/Src/stm32f4xx_ll_usb.o
                0x00000000080065a8                USB_EPStopXfer
 .text.USB_WritePacket
                0x000000000800662c       0x26 ./Drivers/STM32F4xx_HAL_Driver/Src/stm32f4xx_ll_usb.o
                0x000000000800662c                USB_WritePacket
 *fill*         0x0000000008006652        0x2 
 .text.USB_EPStartXfer
                0x0000000008006654      0x1d8 ./Drivers/STM32F4xx_HAL_Driver/Src/stm32f4xx_ll_usb.o
                0x0000000008006654                USB_EPStartXfer
 .text.USB_ReadPacket
                0x000000000800682c       0x40 ./Drivers/STM32F4xx_HAL_Driver/Src/stm32f4xx_ll_usb.o
                0x000000000800682c                USB_ReadPacket
 .text.USB_EPSetStall
                0x000000000800686c       0x56 ./Drivers/STM32F4xx_HAL_Driver/Src/stm32f4xx_ll_usb.o
                0x000000000800686c                USB_EPSetStall
 .text.USB_EPClearStall
                0x00000000080068c2       0x52 ./Drivers/STM32F4xx_HAL_Driver/Src/stm32f4xx_ll_usb.o
                0x00000000080068c2                USB_EPClearStall
 .text.USB_SetDevAddress
                0x0000000008006914       0x20 ./Drivers/STM32F4xx_HAL_Driver/Src/stm32f4xx_ll_usb.o
                0x0000000008006914                USB_SetDevAddress
 .text.USB_DevConnect
                0x0000000008006934       0x1c ./Drivers/STM32F4xx_HAL_Driver/Src/stm32f4xx_ll_usb.o
                0x0000000008006934                USB_DevConnect
 .text.USB_DevDisconnect
                0x0000000008006950       0x1c ./Drivers/STM32F4xx_HAL_Driver/Src/stm32f4xx_ll_usb.o
                0x0000000008006950                USB_DevDisconnect
 .text.USB_ReadInterrupts
                0x000000000800696c        0x8 ./Drivers/STM32F4xx_HAL_Driver/Src/stm32f4xx_ll_usb.o
                0x000000000800696c                USB_ReadInterrupts
 .text.USB_ReadDevAllOutEpInterrupt
                0x0000000008006974       0x10 ./Drivers/STM32F4xx_HAL_Driver/Src/stm32f4xx_ll_usb.o
                0x0000000008006974                USB_ReadDevAllOutEpInterrupt
 .text.USB_ReadDevAllInEpInterrupt
                0x0000000008006984       0x10 ./Drivers/STM32F4xx_HAL_Driver/Src/stm32f4xx_ll_usb.o
                0x0000000008006984                USB_ReadDevAllInEpInterrupt
 .text.USB_ReadDevOutEPInterrupt
                0x0000000008006994       0x12 ./Drivers/STM32F4xx_HAL_Driver/Src/stm32f4xx_ll_usb.o
                0x0000000008006994                USB_ReadDevOutEPInterrupt
 .text.USB_ReadDevInEPInterrupt
                0x00000000080069a6       0x24 ./Drivers/STM32F4xx_HAL_Driver/Src/stm32f4xx_ll_usb.o
                0x00000000080069a6                USB_ReadDevInEPInterrupt
 .text.USB_GetMode
                0x00000000080069ca        0x8 ./Drivers/STM32F4xx_HAL_Driver/Src/stm32f4xx_ll_usb.o
                0x00000000080069ca                USB_GetMode
 .text.USB_ActivateSetup
                0x00000000080069d2       0x20 ./Drivers/STM32F4xx_HAL_Driver/Src/stm32f4xx_ll_usb.o
                0x00000000080069d2                USB_ActivateSetup
 *fill*         0x00000000080069f2        0x2 
 .text.USB_EP0_OutStart
                0x00000000080069f4       0x4c ./Drivers/STM32F4xx_HAL_Driver/Src/stm32f4xx_ll_usb.o
                0x00000000080069f4                USB_EP0_OutStart
 .text._ZN8MMA_745511_readRegSPIEh.constprop.0
                0x0000000008006a40       0x5c ./MMA_7455/MMA_7455.o
 .text._ZN8MMA_745512_writeRegSPIEhh.constprop.0
                0x0000000008006a9c       0x40 ./MMA_7455/MMA_7455.o
 .text._ZN8MMA_7455C2E17_MMA7455_PROTOCOLh
                0x0000000008006adc       0x12 ./MMA_7455/MMA_7455.o
                0x0000000008006adc                MMA_7455::MMA_7455(_MMA7455_PROTOCOL, unsigned char)
                0x0000000008006adc                MMA_7455::MMA_7455(_MMA7455_PROTOCOL, unsigned char)
 .text._ZN8MMA_74555beginEv
                0x0000000008006aee       0x86 ./MMA_7455/MMA_7455.o
                0x0000000008006aee                MMA_7455::begin()
 .text._ZN8MMA_745514setSensitivityEi
                0x0000000008006b74       0x2a ./MMA_7455/MMA_7455.o
                0x0000000008006b74                MMA_7455::setSensitivity(int)
 *fill*         0x0000000008006b9e        0x2 
 .text._ZN8MMA_745514getSensitivityEv
                0x0000000008006ba0       0x1c ./MMA_7455/MMA_7455.o
                0x0000000008006ba0                MMA_7455::getSensitivity()
 .text._ZN8MMA_74557setModeE5_MODE
                0x0000000008006bbc       0x26 ./MMA_7455/MMA_7455.o
                0x0000000008006bbc                MMA_7455::setMode(_MODE)
 .text._ZN8MMA_74559readAxis8Ec
                0x0000000008006be2       0x32 ./MMA_7455/MMA_7455.o
                0x0000000008006be2                MMA_7455::readAxis8(char)
 .text._ZN8MMA_745510readAxis8gEc
                0x0000000008006c14       0x44 ./MMA_7455/MMA_7455.o
                0x0000000008006c14                MMA_7455::readAxis8g(char)
 .text._ZN8MMA_745510readAxis8gEPfS0_S0_
                0x0000000008006c58       0x34 ./MMA_7455/MMA_7455.o
                0x0000000008006c58                MMA_7455::readAxis8g(float*, float*, float*)
 .text._ZN8MMA_745513setAxisOffsetEsss
                0x0000000008006c8c       0x42 ./MMA_7455/MMA_7455.o
                0x0000000008006c8c                MMA_7455::setAxisOffset(short, short, short)
 *fill*         0x0000000008006cce        0x2 
 .text.vTimerCallbackT35
                0x0000000008006cd0       0x5c ./MODBUS-LIB/Src/Modbus.o
 .text.vTimerCallbackTimeout
                0x0000000008006d2c       0x3c ./MODBUS-LIB/Src/Modbus.o
 .text.RingAdd  0x0000000008006d68       0x3c ./MODBUS-LIB/Src/Modbus.o
                0x0000000008006d68                RingAdd
 .text.RingGetNBytes
                0x0000000008006da4       0x54 ./MODBUS-LIB/Src/Modbus.o
                0x0000000008006da4                RingGetNBytes
 .text.RingGetAllBytes
                0x0000000008006df8        0x8 ./MODBUS-LIB/Src/Modbus.o
                0x0000000008006df8                RingGetAllBytes
 .text.getRxBuffer
                0x0000000008006e00       0x62 ./MODBUS-LIB/Src/Modbus.o
 *fill*         0x0000000008006e62        0x2 
 .text.ModbusInit
                0x0000000008006e64       0xec ./MODBUS-LIB/Src/Modbus.o
                0x0000000008006e64                ModbusInit
 .text.ModbusStart
                0x0000000008006f50       0xdc ./MODBUS-LIB/Src/Modbus.o
                0x0000000008006f50                ModbusStart
 .text.calcCRC  0x000000000800702c       0x36 ./MODBUS-LIB/Src/Modbus.o
                0x000000000800702c                calcCRC
 .text.sendTxBuffer
                0x0000000008007062       0xaa ./MODBUS-LIB/Src/Modbus.o
 .text.StartTaskModbusSlave
                0x000000000800710c      0x4d0 ./MODBUS-LIB/Src/Modbus.o
                0x000000000800710c                StartTaskModbusSlave
 .text.StartTaskModbusMaster
                0x00000000080075dc      0x30c ./MODBUS-LIB/Src/Modbus.o
                0x00000000080075dc                StartTaskModbusMaster
 .text.USBD_CDC_EP0_RxReady
                0x00000000080078e8       0x36 ./Middlewares/ST/STM32_USB_Device_Library/Class/CDC/Src/usbd_cdc.o
 *fill*         0x000000000800791e        0x2 
 .text.USBD_CDC_GetDeviceQualifierDescriptor
                0x0000000008007920        0xc ./Middlewares/ST/STM32_USB_Device_Library/Class/CDC/Src/usbd_cdc.o
                0x0000000008007920                USBD_CDC_GetDeviceQualifierDescriptor
 .text.USBD_CDC_GetFSCfgDesc
                0x000000000800792c       0x48 ./Middlewares/ST/STM32_USB_Device_Library/Class/CDC/Src/usbd_cdc.o
 .text.USBD_CDC_GetOtherSpeedCfgDesc
                0x0000000008007974        0x4 ./Middlewares/ST/STM32_USB_Device_Library/Class/CDC/Src/usbd_cdc.o
 .text.USBD_CDC_GetHSCfgDesc
                0x0000000008007978       0x48 ./Middlewares/ST/STM32_USB_Device_Library/Class/CDC/Src/usbd_cdc.o
 .text.USBD_CDC_DataOut
                0x00000000080079c0       0x38 ./Middlewares/ST/STM32_USB_Device_Library/Class/CDC/Src/usbd_cdc.o
 .text.USBD_CDC_DataIn
                0x00000000080079f8       0x68 ./Middlewares/ST/STM32_USB_Device_Library/Class/CDC/Src/usbd_cdc.o
 .text.USBD_CDC_Setup
                0x0000000008007a60      0x108 ./Middlewares/ST/STM32_USB_Device_Library/Class/CDC/Src/usbd_cdc.o
 .text.USBD_CDC_DeInit
                0x0000000008007b68       0x5a ./Middlewares/ST/STM32_USB_Device_Library/Class/CDC/Src/usbd_cdc.o
 .text.USBD_CDC_Init
                0x0000000008007bc2       0xd2 ./Middlewares/ST/STM32_USB_Device_Library/Class/CDC/Src/usbd_cdc.o
 .text.USBD_CDC_RegisterInterface
                0x0000000008007c94       0x16 ./Middlewares/ST/STM32_USB_Device_Library/Class/CDC/Src/usbd_cdc.o
                0x0000000008007c94                USBD_CDC_RegisterInterface
 .text.USBD_CDC_SetTxBuffer
                0x0000000008007caa       0x1c ./Middlewares/ST/STM32_USB_Device_Library/Class/CDC/Src/usbd_cdc.o
                0x0000000008007caa                USBD_CDC_SetTxBuffer
 .text.USBD_CDC_SetRxBuffer
                0x0000000008007cc6       0x18 ./Middlewares/ST/STM32_USB_Device_Library/Class/CDC/Src/usbd_cdc.o
                0x0000000008007cc6                USBD_CDC_SetRxBuffer
 .text.USBD_CDC_TransmitPacket
                0x0000000008007cde       0x36 ./Middlewares/ST/STM32_USB_Device_Library/Class/CDC/Src/usbd_cdc.o
                0x0000000008007cde                USBD_CDC_TransmitPacket
 .text.USBD_CDC_ReceivePacket
                0x0000000008007d14       0x34 ./Middlewares/ST/STM32_USB_Device_Library/Class/CDC/Src/usbd_cdc.o
                0x0000000008007d14                USBD_CDC_ReceivePacket
 .text.USBD_Init
                0x0000000008007d48       0x26 ./Middlewares/ST/STM32_USB_Device_Library/Core/Src/usbd_core.o
                0x0000000008007d48                USBD_Init
 .text.USBD_RegisterClass
                0x0000000008007d6e       0x32 ./Middlewares/ST/STM32_USB_Device_Library/Core/Src/usbd_core.o
                0x0000000008007d6e                USBD_RegisterClass
 .text.USBD_Start
                0x0000000008007da0        0x4 ./Middlewares/ST/STM32_USB_Device_Library/Core/Src/usbd_core.o
                0x0000000008007da0                USBD_Start
 .text.USBD_SetClassConfig
                0x0000000008007da4        0xe ./Middlewares/ST/STM32_USB_Device_Library/Core/Src/usbd_core.o
                0x0000000008007da4                USBD_SetClassConfig
 .text.USBD_ClrClassConfig
                0x0000000008007db2       0x12 ./Middlewares/ST/STM32_USB_Device_Library/Core/Src/usbd_core.o
                0x0000000008007db2                USBD_ClrClassConfig
 .text.USBD_LL_SetupStage
                0x0000000008007dc4       0x60 ./Middlewares/ST/STM32_USB_Device_Library/Core/Src/usbd_core.o
                0x0000000008007dc4                USBD_LL_SetupStage
 .text.USBD_LL_DataOutStage
                0x0000000008007e24       0x6a ./Middlewares/ST/STM32_USB_Device_Library/Core/Src/usbd_core.o
                0x0000000008007e24                USBD_LL_DataOutStage
 .text.USBD_LL_DataInStage
                0x0000000008007e8e       0xae ./Middlewares/ST/STM32_USB_Device_Library/Core/Src/usbd_core.o
                0x0000000008007e8e                USBD_LL_DataInStage
 .text.USBD_LL_Reset
                0x0000000008007f3c       0x5e ./Middlewares/ST/STM32_USB_Device_Library/Core/Src/usbd_core.o
                0x0000000008007f3c                USBD_LL_Reset
 .text.USBD_LL_SetSpeed
                0x0000000008007f9a        0x6 ./Middlewares/ST/STM32_USB_Device_Library/Core/Src/usbd_core.o
                0x0000000008007f9a                USBD_LL_SetSpeed
 .text.USBD_LL_Suspend
                0x0000000008007fa0       0x14 ./Middlewares/ST/STM32_USB_Device_Library/Core/Src/usbd_core.o
                0x0000000008007fa0                USBD_LL_Suspend
 .text.USBD_LL_Resume
                0x0000000008007fb4       0x16 ./Middlewares/ST/STM32_USB_Device_Library/Core/Src/usbd_core.o
                0x0000000008007fb4                USBD_LL_Resume
 .text.USBD_LL_SOF
                0x0000000008007fca       0x1a ./Middlewares/ST/STM32_USB_Device_Library/Core/Src/usbd_core.o
                0x0000000008007fca                USBD_LL_SOF
 .text.USBD_LL_IsoINIncomplete
                0x0000000008007fe4       0x28 ./Middlewares/ST/STM32_USB_Device_Library/Core/Src/usbd_core.o
                0x0000000008007fe4                USBD_LL_IsoINIncomplete
 .text.USBD_LL_IsoOUTIncomplete
                0x000000000800800c       0x28 ./Middlewares/ST/STM32_USB_Device_Library/Core/Src/usbd_core.o
                0x000000000800800c                USBD_LL_IsoOUTIncomplete
 .text.USBD_LL_DevConnected
                0x0000000008008034        0x4 ./Middlewares/ST/STM32_USB_Device_Library/Core/Src/usbd_core.o
                0x0000000008008034                USBD_LL_DevConnected
 .text.USBD_LL_DevDisconnected
                0x0000000008008038       0x20 ./Middlewares/ST/STM32_USB_Device_Library/Core/Src/usbd_core.o
                0x0000000008008038                USBD_LL_DevDisconnected
 .text.USBD_CoreFindIF
                0x0000000008008058        0x4 ./Middlewares/ST/STM32_USB_Device_Library/Core/Src/usbd_core.o
                0x0000000008008058                USBD_CoreFindIF
 .text.USBD_CoreFindEP
                0x000000000800805c        0x4 ./Middlewares/ST/STM32_USB_Device_Library/Core/Src/usbd_core.o
                0x000000000800805c                USBD_CoreFindEP
 .text.USBD_GetEpDesc
                0x0000000008008060       0x24 ./Middlewares/ST/STM32_USB_Device_Library/Core/Src/usbd_core.o
                0x0000000008008060                USBD_GetEpDesc
 .text.USBD_CtlError.constprop.0
                0x0000000008008084       0x16 ./Middlewares/ST/STM32_USB_Device_Library/Core/Src/usbd_ctlreq.o
 *fill*         0x000000000800809a        0x2 
 .text.USBD_StdDevReq
                0x000000000800809c      0x2ac ./Middlewares/ST/STM32_USB_Device_Library/Core/Src/usbd_ctlreq.o
                0x000000000800809c                USBD_StdDevReq
 .text.USBD_StdItfReq
                0x0000000008008348       0x5e ./Middlewares/ST/STM32_USB_Device_Library/Core/Src/usbd_ctlreq.o
                0x0000000008008348                USBD_StdItfReq
 .text.USBD_StdEPReq
                0x00000000080083a6      0x13c ./Middlewares/ST/STM32_USB_Device_Library/Core/Src/usbd_ctlreq.o
                0x00000000080083a6                USBD_StdEPReq
 .text.USBD_ParseSetupRequest
                0x00000000080084e2       0x16 ./Middlewares/ST/STM32_USB_Device_Library/Core/Src/usbd_ctlreq.o
                0x00000000080084e2                USBD_ParseSetupRequest
 .text.USBD_CtlError
                0x00000000080084f8       0x16 ./Middlewares/ST/STM32_USB_Device_Library/Core/Src/usbd_ctlreq.o
                0x00000000080084f8                USBD_CtlError
 .text.USBD_GetString
                0x000000000800850e       0x38 ./Middlewares/ST/STM32_USB_Device_Library/Core/Src/usbd_ctlreq.o
                0x000000000800850e                USBD_GetString
 .text.USBD_CtlSendData
                0x0000000008008546       0x1a ./Middlewares/ST/STM32_USB_Device_Library/Core/Src/usbd_ioreq.o
                0x0000000008008546                USBD_CtlSendData
 .text.USBD_CtlContinueSendData
                0x0000000008008560       0x10 ./Middlewares/ST/STM32_USB_Device_Library/Core/Src/usbd_ioreq.o
                0x0000000008008560                USBD_CtlContinueSendData
 .text.USBD_CtlPrepareRx
                0x0000000008008570       0x1a ./Middlewares/ST/STM32_USB_Device_Library/Core/Src/usbd_ioreq.o
                0x0000000008008570                USBD_CtlPrepareRx
 .text.USBD_CtlContinueRx
                0x000000000800858a       0x10 ./Middlewares/ST/STM32_USB_Device_Library/Core/Src/usbd_ioreq.o
                0x000000000800858a                USBD_CtlContinueRx
 .text.USBD_CtlSendStatus
                0x000000000800859a       0x16 ./Middlewares/ST/STM32_USB_Device_Library/Core/Src/usbd_ioreq.o
                0x000000000800859a                USBD_CtlSendStatus
 .text.USBD_CtlReceiveStatus
                0x00000000080085b0       0x16 ./Middlewares/ST/STM32_USB_Device_Library/Core/Src/usbd_ioreq.o
                0x00000000080085b0                USBD_CtlReceiveStatus
 .text.SysTick_Handler
                0x00000000080085c6       0x1a ./Middlewares/Third_Party/FreeRTOS/Source/CMSIS_RTOS_V2/cmsis_os2.o
                0x00000000080085c6                SysTick_Handler
 .text.osKernelInitialize
                0x00000000080085e0       0x24 ./Middlewares/Third_Party/FreeRTOS/Source/CMSIS_RTOS_V2/cmsis_os2.o
                0x00000000080085e0                osKernelInitialize
 .text.osKernelStart
                0x0000000008008604       0x34 ./Middlewares/Third_Party/FreeRTOS/Source/CMSIS_RTOS_V2/cmsis_os2.o
                0x0000000008008604                osKernelStart
 .text.osThreadNew
                0x0000000008008638       0x92 ./Middlewares/Third_Party/FreeRTOS/Source/CMSIS_RTOS_V2/cmsis_os2.o
                0x0000000008008638                osThreadNew
 .text.osDelay  0x00000000080086ca       0x18 ./Middlewares/Third_Party/FreeRTOS/Source/CMSIS_RTOS_V2/cmsis_os2.o
                0x00000000080086ca                osDelay
 .text.osSemaphoreNew
                0x00000000080086e2       0x94 ./Middlewares/Third_Party/FreeRTOS/Source/CMSIS_RTOS_V2/cmsis_os2.o
                0x00000000080086e2                osSemaphoreNew
 .text.osSemaphoreAcquire
                0x0000000008008776       0x56 ./Middlewares/Third_Party/FreeRTOS/Source/CMSIS_RTOS_V2/cmsis_os2.o
                0x0000000008008776                osSemaphoreAcquire
 .text.osSemaphoreRelease
                0x00000000080087cc       0x50 ./Middlewares/Third_Party/FreeRTOS/Source/CMSIS_RTOS_V2/cmsis_os2.o
                0x00000000080087cc                osSemaphoreRelease
 .text.osMessageQueueNew
                0x000000000800881c       0x76 ./Middlewares/Third_Party/FreeRTOS/Source/CMSIS_RTOS_V2/cmsis_os2.o
                0x000000000800881c                osMessageQueueNew
 *fill*         0x0000000008008892        0x2 
 .text.vApplicationGetIdleTaskMemory
                0x0000000008008894       0x18 ./Middlewares/Third_Party/FreeRTOS/Source/CMSIS_RTOS_V2/cmsis_os2.o
                0x0000000008008894                vApplicationGetIdleTaskMemory
 .text.vApplicationGetTimerTaskMemory
                0x00000000080088ac       0x18 ./Middlewares/Third_Party/FreeRTOS/Source/CMSIS_RTOS_V2/cmsis_os2.o
                0x00000000080088ac                vApplicationGetTimerTaskMemory
 .text.vListInitialise
                0x00000000080088c4       0x16 ./Middlewares/Third_Party/FreeRTOS/Source/list.o
                0x00000000080088c4                vListInitialise
 .text.vListInitialiseItem
                0x00000000080088da        0x6 ./Middlewares/Third_Party/FreeRTOS/Source/list.o
                0x00000000080088da                vListInitialiseItem
 .text.vListInsertEnd
                0x00000000080088e0       0x18 ./Middlewares/Third_Party/FreeRTOS/Source/list.o
                0x00000000080088e0                vListInsertEnd
 .text.vListInsert
                0x00000000080088f8       0x2e ./Middlewares/Third_Party/FreeRTOS/Source/list.o
                0x00000000080088f8                vListInsert
 .text.uxListRemove
                0x0000000008008926       0x20 ./Middlewares/Third_Party/FreeRTOS/Source/list.o
                0x0000000008008926                uxListRemove
 .text.prvIsQueueEmpty
                0x0000000008008946       0x16 ./Middlewares/Third_Party/FreeRTOS/Source/queue.o
 .text.prvCopyDataToQueue
                0x000000000800895c       0x6a ./Middlewares/Third_Party/FreeRTOS/Source/queue.o
 .text.prvCopyDataFromQueue
                0x00000000080089c6       0x2c ./Middlewares/Third_Party/FreeRTOS/Source/queue.o
 .text.prvUnlockQueue
                0x00000000080089f2       0x70 ./Middlewares/Third_Party/FreeRTOS/Source/queue.o
 .text.xQueueGenericReset
                0x0000000008008a62       0x7e ./Middlewares/Third_Party/FreeRTOS/Source/queue.o
                0x0000000008008a62                xQueueGenericReset
 .text.xQueueGenericCreateStatic
                0x0000000008008ae0       0x9c ./Middlewares/Third_Party/FreeRTOS/Source/queue.o
                0x0000000008008ae0                xQueueGenericCreateStatic
 .text.xQueueGenericCreate
                0x0000000008008b7c       0x4e ./Middlewares/Third_Party/FreeRTOS/Source/queue.o
                0x0000000008008b7c                xQueueGenericCreate
 .text.xQueueCreateCountingSemaphoreStatic
                0x0000000008008bca       0x44 ./Middlewares/Third_Party/FreeRTOS/Source/queue.o
                0x0000000008008bca                xQueueCreateCountingSemaphoreStatic
 .text.xQueueCreateCountingSemaphore
                0x0000000008008c0e       0x3c ./Middlewares/Third_Party/FreeRTOS/Source/queue.o
                0x0000000008008c0e                xQueueCreateCountingSemaphore
 .text.xQueueGenericSend
                0x0000000008008c4a      0x166 ./Middlewares/Third_Party/FreeRTOS/Source/queue.o
                0x0000000008008c4a                xQueueGenericSend
 .text.xQueueGenericSendFromISR
                0x0000000008008db0       0xc4 ./Middlewares/Third_Party/FreeRTOS/Source/queue.o
                0x0000000008008db0                xQueueGenericSendFromISR
 .text.xQueueGiveFromISR
                0x0000000008008e74       0xa8 ./Middlewares/Third_Party/FreeRTOS/Source/queue.o
                0x0000000008008e74                xQueueGiveFromISR
 .text.xQueueReceive
                0x0000000008008f1c      0x13e ./Middlewares/Third_Party/FreeRTOS/Source/queue.o
                0x0000000008008f1c                xQueueReceive
 .text.xQueueSemaphoreTake
                0x000000000800905a      0x186 ./Middlewares/Third_Party/FreeRTOS/Source/queue.o
                0x000000000800905a                xQueueSemaphoreTake
 .text.xQueueReceiveFromISR
                0x00000000080091e0       0x9e ./Middlewares/Third_Party/FreeRTOS/Source/queue.o
                0x00000000080091e0                xQueueReceiveFromISR
 *fill*         0x000000000800927e        0x2 
 .text.vQueueAddToRegistry
                0x0000000008009280       0x24 ./Middlewares/Third_Party/FreeRTOS/Source/queue.o
                0x0000000008009280                vQueueAddToRegistry
 .text.vQueueUnregisterQueue
                0x00000000080092a4       0x28 ./Middlewares/Third_Party/FreeRTOS/Source/queue.o
                0x00000000080092a4                vQueueUnregisterQueue
 .text.vQueueDelete
                0x00000000080092cc       0x2e ./Middlewares/Third_Party/FreeRTOS/Source/queue.o
                0x00000000080092cc                vQueueDelete
 .text.vQueueWaitForMessageRestricted
                0x00000000080092fa       0x46 ./Middlewares/Third_Party/FreeRTOS/Source/queue.o
                0x00000000080092fa                vQueueWaitForMessageRestricted
 .text.prvAddNewTaskToReadyList
                0x0000000008009340      0x100 ./Middlewares/Third_Party/FreeRTOS/Source/tasks.o
 .text.prvAddCurrentTaskToDelayedList
                0x0000000008009440       0x70 ./Middlewares/Third_Party/FreeRTOS/Source/tasks.o
 .text.prvResetNextTaskUnblockTime
                0x00000000080094b0       0x24 ./Middlewares/Third_Party/FreeRTOS/Source/tasks.o
 .text.prvDeleteTCB
                0x00000000080094d4       0x36 ./Middlewares/Third_Party/FreeRTOS/Source/tasks.o
 *fill*         0x000000000800950a        0x2 
 .text.prvIdleTask
                0x000000000800950c       0x60 ./Middlewares/Third_Party/FreeRTOS/Source/tasks.o
 .text.prvInitialiseNewTask.constprop.0
                0x000000000800956c       0x9a ./Middlewares/Third_Party/FreeRTOS/Source/tasks.o
 .text.xTaskCreateStatic
                0x0000000008009606       0x70 ./Middlewares/Third_Party/FreeRTOS/Source/tasks.o
                0x0000000008009606                xTaskCreateStatic
 .text.xTaskCreate
                0x0000000008009676       0x5a ./Middlewares/Third_Party/FreeRTOS/Source/tasks.o
                0x0000000008009676                xTaskCreate
 .text.vTaskStartScheduler
                0x00000000080096d0       0x8c ./Middlewares/Third_Party/FreeRTOS/Source/tasks.o
                0x00000000080096d0                vTaskStartScheduler
 .text.vTaskSuspendAll
                0x000000000800975c       0x10 ./Middlewares/Third_Party/FreeRTOS/Source/tasks.o
                0x000000000800975c                vTaskSuspendAll
 .text.xTaskGetTickCount
                0x000000000800976c        0xc ./Middlewares/Third_Party/FreeRTOS/Source/tasks.o
                0x000000000800976c                xTaskGetTickCount
 .text.xTaskGetTickCountFromISR
                0x0000000008009778       0x10 ./Middlewares/Third_Party/FreeRTOS/Source/tasks.o
                0x0000000008009778                xTaskGetTickCountFromISR
 .text.xTaskIncrementTick
                0x0000000008009788      0x12c ./Middlewares/Third_Party/FreeRTOS/Source/tasks.o
                0x0000000008009788                xTaskIncrementTick
 .text.xTaskResumeAll
                0x00000000080098b4       0xe8 ./Middlewares/Third_Party/FreeRTOS/Source/tasks.o
                0x00000000080098b4                xTaskResumeAll
 .text.vTaskDelay
                0x000000000800999c       0x48 ./Middlewares/Third_Party/FreeRTOS/Source/tasks.o
                0x000000000800999c                vTaskDelay
 .text.vTaskSwitchContext
                0x00000000080099e4       0x74 ./Middlewares/Third_Party/FreeRTOS/Source/tasks.o
                0x00000000080099e4                vTaskSwitchContext
 .text.vTaskPlaceOnEventList
                0x0000000008009a58       0x34 ./Middlewares/Third_Party/FreeRTOS/Source/tasks.o
                0x0000000008009a58                vTaskPlaceOnEventList
 .text.vTaskPlaceOnEventListRestricted
                0x0000000008009a8c       0x3c ./Middlewares/Third_Party/FreeRTOS/Source/tasks.o
                0x0000000008009a8c                vTaskPlaceOnEventListRestricted
 .text.xTaskRemoveFromEventList
                0x0000000008009ac8       0x88 ./Middlewares/Third_Party/FreeRTOS/Source/tasks.o
                0x0000000008009ac8                xTaskRemoveFromEventList
 .text.vTaskInternalSetTimeOutState
                0x0000000008009b50       0x18 ./Middlewares/Third_Party/FreeRTOS/Source/tasks.o
                0x0000000008009b50                vTaskInternalSetTimeOutState
 .text.xTaskCheckForTimeOut
                0x0000000008009b68       0x78 ./Middlewares/Third_Party/FreeRTOS/Source/tasks.o
                0x0000000008009b68                xTaskCheckForTimeOut
 .text.vTaskMissedYield
                0x0000000008009be0        0xc ./Middlewares/Third_Party/FreeRTOS/Source/tasks.o
                0x0000000008009be0                vTaskMissedYield
 .text.xTaskGetSchedulerState
                0x0000000008009bec       0x20 ./Middlewares/Third_Party/FreeRTOS/Source/tasks.o
                0x0000000008009bec                xTaskGetSchedulerState
 .text.xTaskPriorityInherit
                0x0000000008009c0c       0x84 ./Middlewares/Third_Party/FreeRTOS/Source/tasks.o
                0x0000000008009c0c                xTaskPriorityInherit
 .text.xTaskPriorityDisinherit
                0x0000000008009c90       0x88 ./Middlewares/Third_Party/FreeRTOS/Source/tasks.o
                0x0000000008009c90                xTaskPriorityDisinherit
 .text.vTaskPriorityDisinheritAfterTimeout
                0x0000000008009d18       0xa4 ./Middlewares/Third_Party/FreeRTOS/Source/tasks.o
                0x0000000008009d18                vTaskPriorityDisinheritAfterTimeout
 .text.pvTaskIncrementMutexHeldCount
                0x0000000008009dbc       0x18 ./Middlewares/Third_Party/FreeRTOS/Source/tasks.o
                0x0000000008009dbc                pvTaskIncrementMutexHeldCount
 .text.ulTaskNotifyTake
                0x0000000008009dd4       0x64 ./Middlewares/Third_Party/FreeRTOS/Source/tasks.o
                0x0000000008009dd4                ulTaskNotifyTake
 .text.xTaskGenericNotify
                0x0000000008009e38       0xe8 ./Middlewares/Third_Party/FreeRTOS/Source/tasks.o
                0x0000000008009e38                xTaskGenericNotify
 .text.xTaskGenericNotifyFromISR
                0x0000000008009f20      0x118 ./Middlewares/Third_Party/FreeRTOS/Source/tasks.o
                0x0000000008009f20                xTaskGenericNotifyFromISR
 .text.prvCheckForValidListAndQueue
                0x000000000800a038       0x68 ./Middlewares/Third_Party/FreeRTOS/Source/timers.o
 .text.prvInsertTimerInActiveList
                0x000000000800a0a0       0x3c ./Middlewares/Third_Party/FreeRTOS/Source/timers.o
 .text.prvInitialiseNewTimer
                0x000000000800a0dc       0x4c ./Middlewares/Third_Party/FreeRTOS/Source/timers.o
 .text.xTimerCreateTimerTask
                0x000000000800a128       0x64 ./Middlewares/Third_Party/FreeRTOS/Source/timers.o
                0x000000000800a128                xTimerCreateTimerTask
 .text.xTimerCreate
                0x000000000800a18c       0x34 ./Middlewares/Third_Party/FreeRTOS/Source/timers.o
                0x000000000800a18c                xTimerCreate
 .text.xTimerGenericCommand
                0x000000000800a1c0       0x58 ./Middlewares/Third_Party/FreeRTOS/Source/timers.o
                0x000000000800a1c0                xTimerGenericCommand
 .text.prvSampleTimeNow
                0x000000000800a218       0xac ./Middlewares/Third_Party/FreeRTOS/Source/timers.o
 .text.prvTimerTask
                0x000000000800a2c4      0x1cc ./Middlewares/Third_Party/FreeRTOS/Source/timers.o
 .text.prvPortStartFirstTask
                0x000000000800a490       0x28 ./Middlewares/Third_Party/FreeRTOS/Source/portable/GCC/ARM_CM4F/port.o
 .text.vPortEnableVFP
                0x000000000800a4b8       0x14 ./Middlewares/Third_Party/FreeRTOS/Source/portable/GCC/ARM_CM4F/port.o
 .text.prvTaskExitError
                0x000000000800a4cc       0x40 ./Middlewares/Third_Party/FreeRTOS/Source/portable/GCC/ARM_CM4F/port.o
 .text.pxPortInitialiseStack
                0x000000000800a50c       0x2c ./Middlewares/Third_Party/FreeRTOS/Source/portable/GCC/ARM_CM4F/port.o
                0x000000000800a50c                pxPortInitialiseStack
 *fill*         0x000000000800a538        0x8 
 .text.SVC_Handler
                0x000000000800a540       0x24 ./Middlewares/Third_Party/FreeRTOS/Source/portable/GCC/ARM_CM4F/port.o
                0x000000000800a540                SVC_Handler
 .text.vPortEnterCritical
                0x000000000800a564       0x40 ./Middlewares/Third_Party/FreeRTOS/Source/portable/GCC/ARM_CM4F/port.o
                0x000000000800a564                vPortEnterCritical
 .text.vPortExitCritical
                0x000000000800a5a4       0x28 ./Middlewares/Third_Party/FreeRTOS/Source/portable/GCC/ARM_CM4F/port.o
                0x000000000800a5a4                vPortExitCritical
 *fill*         0x000000000800a5cc        0x4 
 .text.PendSV_Handler
                0x000000000800a5d0       0x64 ./Middlewares/Third_Party/FreeRTOS/Source/portable/GCC/ARM_CM4F/port.o
                0x000000000800a5d0                PendSV_Handler
 .text.xPortSysTickHandler
                0x000000000800a634       0x2c ./Middlewares/Third_Party/FreeRTOS/Source/portable/GCC/ARM_CM4F/port.o
                0x000000000800a634                xPortSysTickHandler
 .text.vPortSetupTimerInterrupt
                0x000000000800a660       0x24 ./Middlewares/Third_Party/FreeRTOS/Source/portable/GCC/ARM_CM4F/port.o
                0x000000000800a660                vPortSetupTimerInterrupt
 .text.xPortStartScheduler
                0x000000000800a684      0x10c ./Middlewares/Third_Party/FreeRTOS/Source/portable/GCC/ARM_CM4F/port.o
                0x000000000800a684                xPortStartScheduler
 .text.vPortValidateInterruptPriority
                0x000000000800a790       0x5c ./Middlewares/Third_Party/FreeRTOS/Source/portable/GCC/ARM_CM4F/port.o
                0x000000000800a790                vPortValidateInterruptPriority
 .text.prvInsertBlockIntoFreeList
                0x000000000800a7ec       0x48 ./Middlewares/Third_Party/FreeRTOS/Source/portable/MemMang/heap_4.o
 .text.pvPortMalloc
                0x000000000800a834      0x130 ./Middlewares/Third_Party/FreeRTOS/Source/portable/MemMang/heap_4.o
                0x000000000800a834                pvPortMalloc
 .text.vPortFree
                0x000000000800a964       0x7c ./Middlewares/Third_Party/FreeRTOS/Source/portable/MemMang/heap_4.o
                0x000000000800a964                vPortFree
 .text.MX_USB_DEVICE_Init
                0x000000000800a9e0       0x50 ./USB_DEVICE/App/usb_device.o
                0x000000000800a9e0                MX_USB_DEVICE_Init
 .text.CDC_DeInit_FS
                0x000000000800aa30        0x4 ./USB_DEVICE/App/usbd_cdc_if.o
 .text.CDC_Control_FS
                0x000000000800aa34        0x4 ./USB_DEVICE/App/usbd_cdc_if.o
 .text.CDC_TransmitCplt_FS
                0x000000000800aa38        0x4 ./USB_DEVICE/App/usbd_cdc_if.o
 .text.CDC_Receive_FS
                0x000000000800aa3c       0x40 ./USB_DEVICE/App/usbd_cdc_if.o
 .text.CDC_Init_FS
                0x000000000800aa7c       0x28 ./USB_DEVICE/App/usbd_cdc_if.o
 .text.CDC_Transmit_FS
                0x000000000800aaa4       0x2c ./USB_DEVICE/App/usbd_cdc_if.o
                0x000000000800aaa4                CDC_Transmit_FS
 .text.USBD_FS_DeviceDescriptor
                0x000000000800aad0        0xc ./USB_DEVICE/App/usbd_desc.o
                0x000000000800aad0                USBD_FS_DeviceDescriptor
 .text.USBD_FS_LangIDStrDescriptor
                0x000000000800aadc        0xc ./USB_DEVICE/App/usbd_desc.o
                0x000000000800aadc                USBD_FS_LangIDStrDescriptor
 .text.IntToUnicode
                0x000000000800aae8       0x2a ./USB_DEVICE/App/usbd_desc.o
 *fill*         0x000000000800ab12        0x2 
 .text.USBD_FS_SerialStrDescriptor
                0x000000000800ab14       0x3c ./USB_DEVICE/App/usbd_desc.o
                0x000000000800ab14                USBD_FS_SerialStrDescriptor
 .text.USBD_FS_ManufacturerStrDescriptor
                0x000000000800ab50       0x1c ./USB_DEVICE/App/usbd_desc.o
                0x000000000800ab50                USBD_FS_ManufacturerStrDescriptor
 .text.USBD_FS_ProductStrDescriptor
                0x000000000800ab6c       0x1c ./USB_DEVICE/App/usbd_desc.o
                0x000000000800ab6c                USBD_FS_ProductStrDescriptor
 .text.USBD_FS_ConfigStrDescriptor
                0x000000000800ab88       0x1c ./USB_DEVICE/App/usbd_desc.o
                0x000000000800ab88                USBD_FS_ConfigStrDescriptor
 .text.USBD_FS_InterfaceStrDescriptor
                0x000000000800aba4       0x1c ./USB_DEVICE/App/usbd_desc.o
                0x000000000800aba4                USBD_FS_InterfaceStrDescriptor
 .text.HAL_PCD_MspInit
                0x000000000800abc0       0x84 ./USB_DEVICE/Target/usbd_conf.o
                0x000000000800abc0                HAL_PCD_MspInit
 .text.HAL_PCD_SetupStageCallback
                0x000000000800ac44        0xc ./USB_DEVICE/Target/usbd_conf.o
                0x000000000800ac44                HAL_PCD_SetupStageCallback
 .text.HAL_PCD_DataOutStageCallback
                0x000000000800ac50       0x12 ./USB_DEVICE/Target/usbd_conf.o
                0x000000000800ac50                HAL_PCD_DataOutStageCallback
 .text.HAL_PCD_DataInStageCallback
                0x000000000800ac62       0x10 ./USB_DEVICE/Target/usbd_conf.o
                0x000000000800ac62                HAL_PCD_DataInStageCallback
 .text.HAL_PCD_SOFCallback
                0x000000000800ac72        0x8 ./USB_DEVICE/Target/usbd_conf.o
                0x000000000800ac72                HAL_PCD_SOFCallback
 .text.HAL_PCD_ResetCallback
                0x000000000800ac7a       0x26 ./USB_DEVICE/Target/usbd_conf.o
                0x000000000800ac7a                HAL_PCD_ResetCallback
 .text.HAL_PCD_SuspendCallback
                0x000000000800aca0       0x30 ./USB_DEVICE/Target/usbd_conf.o
                0x000000000800aca0                HAL_PCD_SuspendCallback
 .text.HAL_PCD_ResumeCallback
                0x000000000800acd0        0x8 ./USB_DEVICE/Target/usbd_conf.o
                0x000000000800acd0                HAL_PCD_ResumeCallback
 .text.HAL_PCD_ISOOUTIncompleteCallback
                0x000000000800acd8        0x8 ./USB_DEVICE/Target/usbd_conf.o
                0x000000000800acd8                HAL_PCD_ISOOUTIncompleteCallback
 .text.HAL_PCD_ISOINIncompleteCallback
                0x000000000800ace0        0x8 ./USB_DEVICE/Target/usbd_conf.o
                0x000000000800ace0                HAL_PCD_ISOINIncompleteCallback
 .text.HAL_PCD_ConnectCallback
                0x000000000800ace8        0x8 ./USB_DEVICE/Target/usbd_conf.o
                0x000000000800ace8                HAL_PCD_ConnectCallback
 .text.HAL_PCD_DisconnectCallback
                0x000000000800acf0        0x8 ./USB_DEVICE/Target/usbd_conf.o
                0x000000000800acf0                HAL_PCD_DisconnectCallback
 .text.USBD_LL_Init
                0x000000000800acf8       0x5c ./USB_DEVICE/Target/usbd_conf.o
                0x000000000800acf8                USBD_LL_Init
 .text.USBD_LL_IsStallEP
                0x000000000800ad54       0x26 ./USB_DEVICE/Target/usbd_conf.o
                0x000000000800ad54                USBD_LL_IsStallEP
 .text.USBD_LL_GetRxDataSize
                0x000000000800ad7a        0x8 ./USB_DEVICE/Target/usbd_conf.o
                0x000000000800ad7a                USBD_LL_GetRxDataSize
 *fill*         0x000000000800ad82        0x2 
 .text.USBD_static_malloc
                0x000000000800ad84        0x8 ./USB_DEVICE/Target/usbd_conf.o
                0x000000000800ad84                USBD_static_malloc
 .text.USBD_static_free
                0x000000000800ad8c        0x2 ./USB_DEVICE/Target/usbd_conf.o
                0x000000000800ad8c                USBD_static_free
 *fill*         0x000000000800ad8e        0x2 
 .text.USBD_Get_USB_Status
                0x000000000800ad90       0x10 ./USB_DEVICE/Target/usbd_conf.o
                0x000000000800ad90                USBD_Get_USB_Status
 .text.USBD_LL_Start
                0x000000000800ada0       0x12 ./USB_DEVICE/Target/usbd_conf.o
                0x000000000800ada0                USBD_LL_Start
 .text.USBD_LL_OpenEP
                0x000000000800adb2       0x18 ./USB_DEVICE/Target/usbd_conf.o
                0x000000000800adb2                USBD_LL_OpenEP
 .text.USBD_LL_CloseEP
                0x000000000800adca       0x12 ./USB_DEVICE/Target/usbd_conf.o
                0x000000000800adca                USBD_LL_CloseEP
 .text.USBD_LL_StallEP
                0x000000000800addc       0x12 ./USB_DEVICE/Target/usbd_conf.o
                0x000000000800addc                USBD_LL_StallEP
 .text.USBD_LL_ClearStallEP
                0x000000000800adee       0x12 ./USB_DEVICE/Target/usbd_conf.o
                0x000000000800adee                USBD_LL_ClearStallEP
 .text.USBD_LL_SetUSBAddress
                0x000000000800ae00       0x12 ./USB_DEVICE/Target/usbd_conf.o
                0x000000000800ae00                USBD_LL_SetUSBAddress
 .text.USBD_LL_Transmit
                0x000000000800ae12       0x12 ./USB_DEVICE/Target/usbd_conf.o
                0x000000000800ae12                USBD_LL_Transmit
 .text.USBD_LL_PrepareReceive
                0x000000000800ae24       0x12 ./USB_DEVICE/Target/usbd_conf.o
                0x000000000800ae24                USBD_LL_PrepareReceive
 *fill*         0x000000000800ae36        0x2 
 .text._ZN6BME280C2Ev
                0x000000000800ae38       0x28 ./sparkfunBME280STM32/src/SparkFunBME280.o
                0x000000000800ae38                BME280::BME280()
                0x000000000800ae38                BME280::BME280()
 .text._ZN6BME28018readRegisterRegionEPhhh
                0x000000000800ae60       0x5c ./sparkfunBME280STM32/src/SparkFunBME280.o
                0x000000000800ae60                BME280::readRegisterRegion(unsigned char*, unsigned char, unsigned char)
 .text._ZN6BME2809readTempCEv
                0x000000000800aebc       0x74 ./sparkfunBME280STM32/src/SparkFunBME280.o
                0x000000000800aebc                BME280::readTempC()
 .text._ZN6BME28012readRegisterEh
                0x000000000800af30       0x22 ./sparkfunBME280STM32/src/SparkFunBME280.o
                0x000000000800af30                BME280::readRegister(unsigned char)
 .text._ZN6BME2807getModeEv
                0x000000000800af52        0xe ./sparkfunBME280STM32/src/SparkFunBME280.o
                0x000000000800af52                BME280::getMode()
 .text._ZN6BME28013writeRegisterEhh
                0x000000000800af60       0x48 ./sparkfunBME280STM32/src/SparkFunBME280.o
                0x000000000800af60                BME280::writeRegister(unsigned char, unsigned char)
 .text._ZN6BME2807setModeEh
                0x000000000800afa8       0x2c ./sparkfunBME280STM32/src/SparkFunBME280.o
                0x000000000800afa8                BME280::setMode(unsigned char)
 .text._ZN6BME28014setStandbyTimeEh
                0x000000000800afd4       0x2e ./sparkfunBME280STM32/src/SparkFunBME280.o
                0x000000000800afd4                BME280::setStandbyTime(unsigned char)
 .text._ZN6BME2809setFilterEh
                0x000000000800b002       0x2e ./sparkfunBME280STM32/src/SparkFunBME280.o
                0x000000000800b002                BME280::setFilter(unsigned char)
 .text._ZN6BME28017setTempOverSampleEh
                0x000000000800b030       0x4c ./sparkfunBME280STM32/src/SparkFunBME280.o
                0x000000000800b030                BME280::setTempOverSample(unsigned char)
 .text._ZN6BME28021setPressureOverSampleEh
                0x000000000800b07c       0x4c ./sparkfunBME280STM32/src/SparkFunBME280.o
                0x000000000800b07c                BME280::setPressureOverSample(unsigned char)
 .text._ZN6BME28021setHumidityOverSampleEh
                0x000000000800b0c8       0x48 ./sparkfunBME280STM32/src/SparkFunBME280.o
                0x000000000800b0c8                BME280::setHumidityOverSample(unsigned char)
 .text._ZN6BME2805beginEv
                0x000000000800b110      0x204 ./sparkfunBME280STM32/src/SparkFunBME280.o
                0x000000000800b110                BME280::begin()
 .text.startup._GLOBAL__sub_I__ZN9__gnu_cxx9__freeresEv