../Core/Src/stm32f4xx_hal_msp.c:72:6:HAL_MspInit	8	static
../Core/Src/stm32f4xx_hal_msp.c:96:6:HAL_ADC_MspInit	48	static
../Core/Src/stm32f4xx_hal_msp.c:159:6:HAL_ADC_MspDeInit	8	static
../Core/Src/stm32f4xx_hal_msp.c:196:6:HAL_SPI_MspInit	48	static
../Core/Src/stm32f4xx_hal_msp.c:270:6:HAL_SPI_MspDeInit	8	static
../Core/Src/stm32f4xx_hal_msp.c:303:6:HAL_TIM_Base_MspInit	8	static
../Core/Src/stm32f4xx_hal_msp.c:325:6:HAL_TIM_Base_MspDeInit	0	static
../Core/Src/stm32f4xx_hal_msp.c:347:6:HAL_UART_MspInit	48	static
../Core/Src/stm32f4xx_hal_msp.c:423:6:HAL_UART_MspDeInit	8	static
